Archive member included to satisfy reference by file (symbol)

/usr/local/mcuxpressoide-11.2.0_4120/ide/plugins/com.nxp.mcuxpresso.tools.linux_11.2.0.202001021529/tools/bin/../lib/gcc/arm-none-eabi/9.2.1/../../../../arm-none-eabi/lib/thumb/v7e-m+fp/hard/libcr_semihost.a(_cr__main.o)
                              ./startup/startup_mimxrt1011.o (__main)
/usr/local/mcuxpressoide-11.2.0_4120/ide/plugins/com.nxp.mcuxpresso.tools.linux_11.2.0.202001021529/tools/bin/../lib/gcc/arm-none-eabi/9.2.1/../../../../arm-none-eabi/lib/thumb/v7e-m+fp/hard/libcr_semihost.a(_cr_assert.o)
                              ./utilities/fsl_debug_console.o (__assertion_failed)
/usr/local/mcuxpressoide-11.2.0_4120/ide/plugins/com.nxp.mcuxpresso.tools.linux_11.2.0.202001021529/tools/bin/../lib/gcc/arm-none-eabi/9.2.1/../../../../arm-none-eabi/lib/thumb/v7e-m+fp/hard/libcr_semihost.a(__ciob.o)
                              /usr/local/mcuxpressoide-11.2.0_4120/ide/plugins/com.nxp.mcuxpresso.tools.linux_11.2.0.202001021529/tools/bin/../lib/gcc/arm-none-eabi/9.2.1/../../../../arm-none-eabi/lib/thumb/v7e-m+fp/hard/libcr_semihost.a(_cr_assert.o) (__Ciob)
/usr/local/mcuxpressoide-11.2.0_4120/ide/plugins/com.nxp.mcuxpresso.tools.linux_11.2.0.202001021529/tools/bin/../lib/gcc/arm-none-eabi/9.2.1/../../../../arm-none-eabi/lib/thumb/v7e-m+fp/hard/libcr_semihost.a(__sys_appexit.o)
                              /usr/local/mcuxpressoide-11.2.0_4120/ide/plugins/com.nxp.mcuxpresso.tools.linux_11.2.0.202001021529/tools/bin/../lib/gcc/arm-none-eabi/9.2.1/../../../../arm-none-eabi/lib/thumb/v7e-m+fp/hard/libcr_semihost.a(_cr_assert.o) (__sys_appexit)
/usr/local/mcuxpressoide-11.2.0_4120/ide/plugins/com.nxp.mcuxpresso.tools.linux_11.2.0.202001021529/tools/bin/../lib/gcc/arm-none-eabi/9.2.1/../../../../arm-none-eabi/lib/thumb/v7e-m+fp/hard/libcr_c.a(memcpy.o)
                              ./utilities/fsl_str.o (memcpy)
/usr/local/mcuxpressoide-11.2.0_4120/ide/plugins/com.nxp.mcuxpresso.tools.linux_11.2.0.202001021529/tools/bin/../lib/gcc/arm-none-eabi/9.2.1/../../../../arm-none-eabi/lib/thumb/v7e-m+fp/hard/libcr_c.a(memset.o)
                              ./drivers/fsl_adc.o (memset)
/usr/local/mcuxpressoide-11.2.0_4120/ide/plugins/com.nxp.mcuxpresso.tools.linux_11.2.0.202001021529/tools/bin/../lib/gcc/arm-none-eabi/9.2.1/../../../../arm-none-eabi/lib/thumb/v7e-m+fp/hard/libcr_c.a(_deferredlazyseek.o)
                              /usr/local/mcuxpressoide-11.2.0_4120/ide/plugins/com.nxp.mcuxpresso.tools.linux_11.2.0.202001021529/tools/bin/../lib/gcc/arm-none-eabi/9.2.1/../../../../arm-none-eabi/lib/thumb/v7e-m+fp/hard/libcr_semihost.a(_cr_assert.o) (__flsbuf)
/usr/local/mcuxpressoide-11.2.0_4120/ide/plugins/com.nxp.mcuxpresso.tools.linux_11.2.0.202001021529/tools/bin/../lib/gcc/arm-none-eabi/9.2.1/../../../../arm-none-eabi/lib/thumb/v7e-m+fp/hard/libcr_c.a(_fflush.o)
                              /usr/local/mcuxpressoide-11.2.0_4120/ide/plugins/com.nxp.mcuxpresso.tools.linux_11.2.0.202001021529/tools/bin/../lib/gcc/arm-none-eabi/9.2.1/../../../../arm-none-eabi/lib/thumb/v7e-m+fp/hard/libcr_c.a(_deferredlazyseek.o) (_fflush)
/usr/local/mcuxpressoide-11.2.0_4120/ide/plugins/com.nxp.mcuxpresso.tools.linux_11.2.0.202001021529/tools/bin/../lib/gcc/arm-none-eabi/9.2.1/../../../../arm-none-eabi/lib/thumb/v7e-m+fp/hard/libcr_c.a(_writebuf.o)
                              /usr/local/mcuxpressoide-11.2.0_4120/ide/plugins/com.nxp.mcuxpresso.tools.linux_11.2.0.202001021529/tools/bin/../lib/gcc/arm-none-eabi/9.2.1/../../../../arm-none-eabi/lib/thumb/v7e-m+fp/hard/libcr_c.a(_deferredlazyseek.o) (_Cwritebuf)
/usr/local/mcuxpressoide-11.2.0_4120/ide/plugins/com.nxp.mcuxpresso.tools.linux_11.2.0.202001021529/tools/bin/../lib/gcc/arm-none-eabi/9.2.1/../../../../arm-none-eabi/lib/thumb/v7e-m+fp/hard/libcr_c.a(alloc.o)
                              ./drivers/fsl_common.o (malloc)
/usr/local/mcuxpressoide-11.2.0_4120/ide/plugins/com.nxp.mcuxpresso.tools.linux_11.2.0.202001021529/tools/bin/../lib/gcc/arm-none-eabi/9.2.1/../../../../arm-none-eabi/lib/thumb/v7e-m+fp/hard/libcr_c.a(fpprintf.o)
                              ./source/MIMXRT1011xxxxx_Project.o (sprintf)
/usr/local/mcuxpressoide-11.2.0_4120/ide/plugins/com.nxp.mcuxpresso.tools.linux_11.2.0.202001021529/tools/bin/../lib/gcc/arm-none-eabi/9.2.1/../../../../arm-none-eabi/lib/thumb/v7e-m+fp/hard/libcr_c.a(fputs.o)
                              /usr/local/mcuxpressoide-11.2.0_4120/ide/plugins/com.nxp.mcuxpresso.tools.linux_11.2.0.202001021529/tools/bin/../lib/gcc/arm-none-eabi/9.2.1/../../../../arm-none-eabi/lib/thumb/v7e-m+fp/hard/libcr_semihost.a(_cr_assert.o) (fputs)
/usr/local/mcuxpressoide-11.2.0_4120/ide/plugins/com.nxp.mcuxpresso.tools.linux_11.2.0.202001021529/tools/bin/../lib/gcc/arm-none-eabi/9.2.1/../../../../arm-none-eabi/lib/thumb/v7e-m+fp/hard/libcr_c.a(fseek.o)
[...]
Memory Configuration

Name             Origin             Length             Attributes
BOARD_FLASH      0x0000000060000000 0x0000000001000000 xr
SRAM_DTC         0x0000000020000000 0x0000000000008000 xrw
SRAM_ITC         0x0000000000000000 0x0000000000008000 xrw
SRAM_OC          0x0000000020200000 0x0000000000008000 xrw
NCACHE_REGION    0x0000000020208000 0x0000000000008000 xrw
*default*        0x0000000000000000 0xffffffffffffffff

Linker script and memory map

LOAD ./xip/evkmimxrt1010_flexspi_nor_config.o
LOAD ./xip/fsl_flexspi_nor_boot.o
LOAD ./utilities/fsl_debug_console.o
LOAD ./utilities/fsl_str.o
LOAD ./startup/startup_mimxrt1011.o
LOAD ./source/MIMXRT1011xxxxx_Project.o
LOAD ./source/display.o
LOAD ./source/semihost_hardfault.o
LOAD ./drivers/fsl_adc.o
LOAD ./drivers/fsl_clock.o
LOAD ./drivers/fsl_common.o
LOAD ./drivers/fsl_gpio.o
LOAD ./drivers/fsl_gpt.o
LOAD ./drivers/fsl_lpuart.o
LOAD ./drivers/fsl_pit.o
LOAD ./device/system_MIMXRT1011.o
LOAD ./component/uart/lpuart_adapter.o
LOAD ./component/serial_manager/serial_manager.o
LOAD ./component/serial_manager/serial_port_uart.o
LOAD ./component/lists/generic_list.o
LOAD ./board/board.o
LOAD ./board/clock_config.o
LOAD ./board/peripherals.o
LOAD ./board/pin_mux.o
START GROUP
LOAD /usr/local/mcuxpressoide-11.2.0_4120/ide/plugins/com.nxp.mcuxpresso.tools.linux_11.2.0.202001021529/tools/bin/../lib/gcc/arm-none-eabi/9.2.1/../../../../arm-none-eabi/lib/thumb/v7e-m+fp/hard/libcr_semihost.a
LOAD /usr/local/mcuxpressoide-11.2.0_4120/ide/plugins/com.nxp.mcuxpresso.tools.linux_11.2.0.202001021529/tools/bin/../lib/gcc/arm-none-eabi/9.2.1/../../../../arm-none-eabi/lib/thumb/v7e-m+fp/hard/libcr_c.a
LOAD /usr/local/mcuxpressoide-11.2.0_4120/ide/plugins/com.nxp.mcuxpresso.tools.linux_11.2.0.202001021529/tools/bin/../lib/gcc/arm-none-eabi/9.2.1/thumb/v7e-m+fp/hard/libcr_eabihelpers.a
LOAD /usr/local/mcuxpressoide-11.2.0_4120/ide/plugins/com.nxp.mcuxpresso.tools.linux_11.2.0.202001021529/tools/bin/../lib/gcc/arm-none-eabi/9.2.1/thumb/v7e-m+fp/hard/libgcc.a
END GROUP
                0x0000000060000000                __base_BOARD_FLASH = 0x60000000
                0x0000000060000000                __base_Flash = 0x60000000
                0x0000000061000000                __top_BOARD_FLASH = 0x61000000
                0x0000000061000000                __top_Flash = 0x61000000
                0x0000000020000000                __base_SRAM_DTC = 0x20000000
                0x0000000020000000                __base_RAM = 0x20000000
                0x0000000020008000                __top_SRAM_DTC = 0x20008000
                0x0000000020008000                __top_RAM = 0x20008000
                0x0000000000000000                __base_SRAM_ITC = 0x0
                0x0000000000000000                __base_RAM2 = 0x0
                0x0000000000008000                __top_SRAM_ITC = 0x8000
                0x0000000000008000                __top_RAM2 = 0x8000
                0x0000000020200000                __base_SRAM_OC = 0x20200000
                0x0000000020200000                __base_RAM3 = 0x20200000
                0x0000000020208000                __top_SRAM_OC = 0x20208000
                0x0000000020208000                __top_RAM3 = 0x20208000
                0x0000000020208000                __base_NCACHE_REGION = 0x20208000
                0x0000000020208000                __base_RAM4 = 0x20208000
                0x0000000020210000                __top_NCACHE_REGION = 0x20210000
                0x0000000020210000                __top_RAM4 = 0x20210000

.boot_hdr       0x0000000060000000     0x2000
 FILL mask 0xff
                0x0000000000000400                . = 0x400
 *fill*         0x0000000060000000      0x400 ff
                0x0000000060000400                __boot_hdr_start__ = ABSOLUTE (.)
 *(SORT_BY_ALIGNMENT(.boot_hdr.conf))
 .boot_hdr.conf
                0x0000000060000400      0x200 ./xip/evkmimxrt1010_flexspi_nor_config.o
                0x0000000060000400                qspiflash_config
                0x0000000000001000                . = 0x1000
 *fill*         0x0000000060000600      0xa00 ff
 *(SORT_BY_ALIGNMENT(.boot_hdr.ivt))
 .boot_hdr.ivt  0x0000000060001000       0x20 ./xip/fsl_flexspi_nor_boot.o
                0x0000000060001000                image_vector_table
                0x0000000000001020                . = 0x1020
 *(SORT_BY_ALIGNMENT(.boot_hdr.boot_data))
 .boot_hdr.boot_data
                0x0000000060001020       0x10 ./xip/fsl_flexspi_nor_boot.o
                0x0000000060001020                boot_data
                0x0000000000001030                . = 0x1030
 *(SORT_BY_ALIGNMENT(.boot_hdr.dcd_data))
                0x0000000060001030                __boot_hdr_end__ = ABSOLUTE (.)
                0x0000000000002000                . = 0x2000
 *fill*         0x0000000060001030      0xfd0 ff

.text           0x0000000060002000     0x5998
 FILL mask 0xff
                0x0000000060002000                __vectors_start__ = ABSOLUTE (.)
 *(SORT_BY_ALIGNMENT(.isr_vector))
 .isr_vector    0x0000000060002000      0x180 ./startup/startup_mimxrt1011.o
                0x0000000060002000                __Vectors
                0x0000000060002000                g_pfnVectors
                0x0000000060002180                . = ALIGN (0x4)
                0x0000000060002180                __section_table_start = .
                0x0000000060002180                __data_section_table = .
                0x0000000060002180        0x4 LONG 0x60007998 LOADADDR (.data)
                0x0000000060002184        0x4 LONG 0x20000000 ADDR (.data)
                0x0000000060002188        0x4 LONG 0x34 SIZEOF (.data)
                0x000000006000218c        0x4 LONG 0x60007998 LOADADDR (.data_RAM2)
                0x0000000060002190        0x4 LONG 0x0 ADDR (.data_RAM2)
                0x0000000060002194        0x4 LONG 0x0 SIZEOF (.data_RAM2)
                0x0000000060002198        0x4 LONG 0x60007998 LOADADDR (.data_RAM3)
                0x000000006000219c        0x4 LONG 0x20200000 ADDR (.data_RAM3)
                0x00000000600021a0        0x4 LONG 0x0 SIZEOF (.data_RAM3)
                0x00000000600021a4        0x4 LONG 0x60007998 LOADADDR (.data_RAM4)
                0x00000000600021a8        0x4 LONG 0x20208000 ADDR (.data_RAM4)
                0x00000000600021ac        0x4 LONG 0x0 SIZEOF (.data_RAM4)
                0x00000000600021b0                __data_section_table_end = .
                0x00000000600021b0                __bss_section_table = .
                0x00000000600021b0        0x4 LONG 0x20000034 ADDR (.bss)
                0x00000000600021b4        0x4 LONG 0x234 SIZEOF (.bss)
                0x00000000600021b8        0x4 LONG 0x0 ADDR (.bss_RAM2)
                0x00000000600021bc        0x4 LONG 0x0 SIZEOF (.bss_RAM2)
                0x00000000600021c0        0x4 LONG 0x20200000 ADDR (.bss_RAM3)
                0x00000000600021c4        0x4 LONG 0x0 SIZEOF (.bss_RAM3)
                0x00000000600021c8        0x4 LONG 0x20208000 ADDR (.bss_RAM4)
                0x00000000600021cc        0x4 LONG 0x0 SIZEOF (.bss_RAM4)
                0x00000000600021d0                __bss_section_table_end = .
                0x00000000600021d0                __section_table_end = .
 *(SORT_BY_ALIGNMENT(.after_vectors*))
 .after_vectors.reset
                0x00000000600021d0       0x4c ./startup/startup_mimxrt1011.o
                0x00000000600021d0                ResetISR
 .after_vectors.init_data
                0x000000006000221c       0x1e ./startup/startup_mimxrt1011.o
                0x000000006000221c                data_init
 .after_vectors.init_bss
                0x000000006000223a       0x12 ./startup/startup_mimxrt1011.o
                0x000000006000223a                bss_init
 .after_vectors
                0x000000006000224c       0x14 ./startup/startup_mimxrt1011.o
                0x000000006000224c                NMI_Handler
                0x0000000060002250                MemManage_Handler
                0x0000000060002252                BusFault_Handler
                0x0000000060002254                UsageFault_Handler
                0x0000000060002256                SVC_Handler
                0x0000000060002258                DebugMon_Handler
                0x000000006000225a                PendSV_Handler
                0x000000006000225c                SysTick_Handler
                0x000000006000225e                KPP_DriverIRQHandler
                0x000000006000225e                LPSPI2_DriverIRQHandler
                0x000000006000225e                SAI3_RX_DriverIRQHandler
                0x000000006000225e                ADC_ETC_IRQ3_DriverIRQHandler
                0x000000006000225e                CCM_2_DriverIRQHandler
                0x000000006000225e                PIT_DriverIRQHandler
                0x000000006000225e                DMA0_DriverIRQHandler
                0x000000006000225e                FLEXRAM_DriverIRQHandler
                0x000000006000225e                DMA12_DriverIRQHandler
                0x000000006000225e                SPDIF_DriverIRQHandler
                0x000000006000225e                USB_PHY_DriverIRQHandler
                0x000000006000225e                GPR_IRQ_DriverIRQHandler
                0x000000006000225e                DMA6_DriverIRQHandler
                0x000000006000225e                TRNG_DriverIRQHandler
                0x000000006000225e                IntDefaultHandler
                0x000000006000225e                DMA11_DriverIRQHandler
                0x000000006000225e                SRC_DriverIRQHandler
                0x000000006000225e                DMA10_DriverIRQHandler
                0x000000006000225e                EWM_DriverIRQHandler
                0x000000006000225e                DMA5_DriverIRQHandler
                0x000000006000225e                DMA4_DriverIRQHandler
                0x000000006000225e                WDOG1_DriverIRQHandler
                0x000000006000225e                FLEXIO1_DriverIRQHandler
                0x000000006000225e                ADC_ETC_IRQ2_DriverIRQHandler
                0x000000006000225e                GPIO1_Combined_16_31_DriverIRQHandler
                0x000000006000225e                SAI1_DriverIRQHandler
                0x000000006000225e                DCDC_DriverIRQHandler
                0x000000006000225e                ADC_ETC_ERROR_IRQ_DriverIRQHandler
                0x000000006000225e                GPIO5_Combined_0_15_DriverIRQHandler
                0x000000006000225e                DMA3_DriverIRQHandler
                0x000000006000225e                RTWDOG_DriverIRQHandler
                0x000000006000225e                FLEXSPI_DriverIRQHandler
                0x000000006000225e                GPT2_DriverIRQHandler
                0x000000006000225e                DMA8_DriverIRQHandler
                0x000000006000225e                DMA9_DriverIRQHandler
                0x000000006000225e                PWM1_1_DriverIRQHandler
                0x000000006000225e                Reserved71_DriverIRQHandler
                0x000000006000225e                ADC1_DriverIRQHandler
                0x000000006000225e                PWM1_0_DriverIRQHandler
                0x000000006000225e                DMA14_DriverIRQHandler
                0x000000006000225e                DCP_DriverIRQHandler
                0x000000006000225e                CTI0_ERROR_DriverIRQHandler
                0x000000006000225e                GPT1_DriverIRQHandler
                0x000000006000225e                CSU_DriverIRQHandler
                0x000000006000225e                CTI1_ERROR_DriverIRQHandler
                0x000000006000225e                GPIO1_Combined_0_15_DriverIRQHandler
                0x000000006000225e                CORE_DriverIRQHandler
                0x000000006000225e                SNVS_HP_WRAPPER_TZ_DriverIRQHandler
                0x000000006000225e                PWM1_FAULT_DriverIRQHandler
                0x000000006000225e                DMA1_DriverIRQHandler
                0x000000006000225e                LPI2C1_DriverIRQHandler
                0x000000006000225e                SNVS_HP_WRAPPER_DriverIRQHandler
                0x000000006000225e                ADC_ETC_IRQ1_DriverIRQHandler
                0x000000006000225e                LPSPI1_DriverIRQHandler
                0x000000006000225e                DMA13_DriverIRQHandler
                0x000000006000225e                DCP_VMI_DriverIRQHandler
                0x000000006000225e                DMA15_DriverIRQHandler
                0x000000006000225e                GPC_DriverIRQHandler
                0x000000006000225e                GPIO2_Combined_0_15_DriverIRQHandler
                0x000000006000225e                PWM1_2_DriverIRQHandler
                0x000000006000225e                USB_OTG1_DriverIRQHandler
                0x000000006000225e                TEMP_LOW_HIGH_DriverIRQHandler
                0x000000006000225e                SAI3_TX_DriverIRQHandler
                0x000000006000225e                WDOG2_DriverIRQHandler
                0x000000006000225e                Reserved68_DriverIRQHandler
                0x000000006000225e                PMU_DriverIRQHandler
                0x000000006000225e                CCM_1_DriverIRQHandler
                0x000000006000225e                TEMP_PANIC_DriverIRQHandler
                0x000000006000225e                DMA2_DriverIRQHandler
                0x000000006000225e                PWM1_3_DriverIRQHandler
                0x000000006000225e                Reserved70_DriverIRQHandler
                0x000000006000225e                LPI2C2_DriverIRQHandler
                0x000000006000225e                DMA_ERROR_DriverIRQHandler
                0x000000006000225e                ADC_ETC_IRQ0_DriverIRQHandler
                0x000000006000225e                DMA7_DriverIRQHandler
                0x000000006000225e                XBAR1_IRQ_0_1_2_3_DriverIRQHandler
                0x000000006000225e                SNVS_LP_WRAPPER_DriverIRQHandler
 *(SORT_BY_ALIGNMENT(.text*))
 .text.handle_adc_sampled
                0x0000000060002260      0x14c ./source/MIMXRT1011xxxxx_Project.o
                0x0000000060002260                handle_adc_sampled
 *fill*         0x00000000600023ac        0x4 ff
 .text.fp_display
                0x00000000600023b0      0x964 /usr/local/mcuxpressoide-11.2.0_4120/ide/plugins/com.nxp.mcuxpresso.tools.linux_11.2.0.202001021529/tools/bin/../lib/gcc/arm-none-eabi/9.2.1/../../../../arm-none-eabi/lib/thumb/v7e-m+fp/hard/libcr_c.a(fpprintf.o)
 *fill*         0x0000000060002d14        0x4 ff
 .text.log      0x0000000060002d18      0x1f0 /usr/local/mcuxpressoide-11.2.0_4120/ide/plugins/com.nxp.mcuxpresso.tools.linux_11.2.0.202001021529/tools/bin/../lib/gcc/arm-none-eabi/9.2.1/../../../../arm-none-eabi/lib/thumb/v7e-m+fp/hard/libcr_c.a(log.o)
                0x0000000060002d18                log
 .text._frexpl  0x0000000060002f08       0x68 /usr/local/mcuxpressoide-11.2.0_4120/ide/plugins/com.nxp.mcuxpresso.tools.linux_11.2.0.202001021529/tools/bin/../lib/gcc/arm-none-eabi/9.2.1/../../../../arm-none-eabi/lib/thumb/v7e-m+fp/hard/libcr_c.a(_frexpl.o)
                0x0000000060002f08                _frexpl
 .text._ldexpl  0x0000000060002f70       0x5c /usr/local/mcuxpressoide-11.2.0_4120/ide/plugins/com.nxp.mcuxpresso.tools.linux_11.2.0.202001021529/tools/bin/../lib/gcc/arm-none-eabi/9.2.1/../../../../arm-none-eabi/lib/thumb/v7e-m+fp/hard/libcr_c.a(_ldexpl.o)
                0x0000000060002f70                _ldexpl
 *fill*         0x0000000060002fcc        0x4 ff
 .text.frexp    0x0000000060002fd0       0x68 /usr/local/mcuxpressoide-11.2.0_4120/ide/plugins/com.nxp.mcuxpresso.tools.linux_11.2.0.202001021529/tools/bin/../lib/gcc/arm-none-eabi/9.2.1/../../../../arm-none-eabi/lib/thumb/v7e-m+fp/hard/libcr_c.a(frexp.o)
                0x0000000060002fd0                frexp
 .text.ADC_GetChannelConversionValue
                0x0000000060003038       0x30 ./source/MIMXRT1011xxxxx_Project.o
 .text.getTimerPeriod
                0x0000000060003068       0x34 ./source/MIMXRT1011xxxxx_Project.o
                0x0000000060003068                getTimerPeriod
 .text.PIT_IRQHandler
                0x000000006000309c       0x28 ./source/MIMXRT1011xxxxx_Project.o
                0x000000006000309c                PIT_IRQHandler
 .text.GPIO2_Combined_0_15_IRQHandler
                0x00000000600030c4       0x24 ./source/MIMXRT1011xxxxx_Project.o
                0x00000000600030c4                GPIO2_Combined_0_15_IRQHandler
 .text.ADC1_IRQHandler
                0x00000000600030e8       0x28 ./source/MIMXRT1011xxxxx_Project.o
                0x00000000600030e8                ADC1_IRQHandler
 .text.handle_timer
                0x0000000060003110       0x50 ./source/MIMXRT1011xxxxx_Project.o
                0x0000000060003110                handle_timer
 .text.handle_button_press
                0x0000000060003160       0x40 ./source/MIMXRT1011xxxxx_Project.o
                0x0000000060003160                handle_button_press
 .text.main     0x00000000600031a0       0x88 ./source/MIMXRT1011xxxxx_Project.o
                0x00000000600031a0                main
 .text.delay_us
                0x0000000060003228       0x1c ./source/display.o
                0x0000000060003228                delay_us
 .text.CLOCK_ControlGate
                0x0000000060003244       0x64 ./drivers/fsl_adc.o
 .text.ADC_GetInstance
                0x00000000600032a8       0x4c ./drivers/fsl_adc.o
 .text.ADC_Init
                0x00000000600032f4       0xf8 ./drivers/fsl_adc.o
                0x00000000600032f4                ADC_Init
 .text.ADC_SetChannelConfig
                0x00000000600033ec       0x58 ./drivers/fsl_adc.o
                0x00000000600033ec                ADC_SetChannelConfig
 .text.CLOCK_GetOscFreq
                0x0000000060003444       0x30 ./drivers/fsl_clock.o
 .text.CLOCK_InitExternalClk
                0x0000000060003474       0x6c ./drivers/fsl_clock.o
                0x0000000060003474                CLOCK_InitExternalClk
 .text.CLOCK_SwitchOsc
                0x00000000600034e0       0x34 ./drivers/fsl_clock.o
                0x00000000600034e0                CLOCK_SwitchOsc
 .text.CLOCK_InitRcOsc24M
                0x0000000060003514       0x24 ./drivers/fsl_clock.o
                0x0000000060003514                CLOCK_InitRcOsc24M
 .text.CLOCK_InitSysPll
                0x0000000060003538       0x9c ./drivers/fsl_clock.o
                0x0000000060003538                CLOCK_InitSysPll
 .text.CLOCK_DeinitAudioPll
                0x00000000600035d4       0x1c ./drivers/fsl_clock.o
                0x00000000600035d4                CLOCK_DeinitAudioPll
 .text.CLOCK_InitEnetPll
                0x00000000600035f0       0x7c ./drivers/fsl_clock.o
                0x00000000600035f0                CLOCK_InitEnetPll
 .text.CLOCK_GetPllFreq
                0x000000006000366c      0x1e8 ./drivers/fsl_clock.o
                0x000000006000366c                CLOCK_GetPllFreq
 .text.CLOCK_InitSysPfd
                0x0000000060003854       0x64 ./drivers/fsl_clock.o
                0x0000000060003854                CLOCK_InitSysPfd
 .text.SDK_DelayAtLeastUs
                0x00000000600038b8       0x98 ./drivers/fsl_common.o
                0x00000000600038b8                SDK_DelayAtLeastUs
 .text.CLOCK_ControlGate
                0x0000000060003950       0x64 ./drivers/fsl_gpio.o
 .text.GPIO_GetInstance
                0x00000000600039b4       0x4c ./drivers/fsl_gpio.o
 .text.GPIO_PinInit
                0x0000000060003a00       0xa4 ./drivers/fsl_gpio.o
                0x0000000060003a00                GPIO_PinInit
 .text.GPIO_PinWrite
                0x0000000060003aa4       0x54 ./drivers/fsl_gpio.o
                0x0000000060003aa4                GPIO_PinWrite
 .text.GPIO_PinSetInterruptConfig
                0x0000000060003af8       0xfc ./drivers/fsl_gpio.o
                0x0000000060003af8                GPIO_PinSetInterruptConfig
 .text.LPUART1_DriverIRQHandler
                0x0000000060003bf4       0x28 ./drivers/fsl_lpuart.o
                0x0000000060003bf4                LPUART1_DriverIRQHandler
 .text.LPUART2_DriverIRQHandler
                0x0000000060003c1c       0x28 ./drivers/fsl_lpuart.o
                0x0000000060003c1c                LPUART2_DriverIRQHandler
 .text.LPUART3_DriverIRQHandler
                0x0000000060003c44       0x28 ./drivers/fsl_lpuart.o
                0x0000000060003c44                LPUART3_DriverIRQHandler
 .text.LPUART4_DriverIRQHandler
                0x0000000060003c6c       0x28 ./drivers/fsl_lpuart.o
                0x0000000060003c6c                LPUART4_DriverIRQHandler
 .text.CLOCK_ControlGate
                0x0000000060003c94       0x64 ./drivers/fsl_pit.o
 .text.PIT_GetInstance
                0x0000000060003cf8       0x44 ./drivers/fsl_pit.o
 .text.PIT_Init
                0x0000000060003d3c       0x94 ./drivers/fsl_pit.o
                0x0000000060003d3c                PIT_Init
 .text.SystemInit
                0x0000000060003dd0      0x1b8 ./device/system_MIMXRT1011.o
                0x0000000060003dd0                SystemInit
 .text.CLOCK_GetMux
                0x0000000060003f88       0x44 ./board/board.o
 .text.CLOCK_GetDiv
                0x0000000060003fcc       0x44 ./board/board.o
 .text.CLOCK_GetOscFreq
                0x0000000060004010       0x30 ./board/board.o
 .text.BOARD_DebugConsoleSrcFreq
                0x0000000060004040       0x64 ./board/board.o
                0x0000000060004040                BOARD_DebugConsoleSrcFreq
 .text.SystemInitHook
                0x00000000600040a4       0x20 ./board/board.o
                0x00000000600040a4                SystemInitHook
 .text.CLOCK_SetMux
                0x00000000600040c4       0x9c ./board/clock_config.o
 .text.CLOCK_SetDiv
                0x0000000060004160       0x9c ./board/clock_config.o
 .text.CLOCK_ControlGate
                0x00000000600041fc       0x64 ./board/clock_config.o
 .text.CLOCK_SetXtalFreq
                0x0000000060004260       0x20 ./board/clock_config.o
 .text.CLOCK_SetRtcXtalFreq
                0x0000000060004280       0x20 ./board/clock_config.o
 .text.IOMUXC_MQSConfig
                0x00000000600042a0       0x44 ./board/clock_config.o
 .text.BOARD_BootClockRUN
                0x00000000600042e4      0x3c0 ./board/clock_config.o
                0x00000000600042e4                BOARD_BootClockRUN
 .text.__NVIC_EnableIRQ
                0x00000000600046a4       0x3c ./board/peripherals.o
 .text.ADC1_init
                0x00000000600046e0       0x2c ./board/peripherals.o
 .text.PIT_init
                0x000000006000470c       0x40 ./board/peripherals.o
 .text.CLOCK_ControlGate
                0x000000006000474c       0x64 ./board/pin_mux.o
 .text.BOARD_InitPins
                0x00000000600047b0      0x2a4 ./board/pin_mux.o
                0x00000000600047b0                BOARD_InitPins
 .text.BOARD_InitDEBUG_UARTPins
                0x0000000060004a54       0x54 ./board/pin_mux.o
                0x0000000060004a54                BOARD_InitDEBUG_UARTPins
 .text.__assertion_failed
                0x0000000060004aa8       0x4c /usr/local/mcuxpressoide-11.2.0_4120/ide/plugins/com.nxp.mcuxpresso.tools.linux_11.2.0.202001021529/tools/bin/../lib/gcc/arm-none-eabi/9.2.1/../../../../arm-none-eabi/lib/thumb/v7e-m+fp/hard/libcr_semihost.a(_cr_assert.o)
                0x0000000060004aa8                __assertion_failed
 .text.__sys_appexit
                0x0000000060004af4        0xc /usr/local/mcuxpressoide-11.2.0_4120/ide/plugins/com.nxp.mcuxpresso.tools.linux_11.2.0.202001021529/tools/bin/../lib/gcc/arm-none-eabi/9.2.1/../../../../arm-none-eabi/lib/thumb/v7e-m+fp/hard/libcr_semihost.a(__sys_appexit.o)
                0x0000000060004af4                __exit
                0x0000000060004af4                __sys_appexit
 .text._Cwritebuf
                0x0000000060004b00       0x6c /usr/local/mcuxpressoide-11.2.0_4120/ide/plugins/com.nxp.mcuxpresso.tools.linux_11.2.0.202001021529/tools/bin/../lib/gcc/arm-none-eabi/9.2.1/../../../../arm-none-eabi/lib/thumb/v7e-m+fp/hard/libcr_c.a(_writebuf.o)
                0x0000000060004b00                _Cwritebuf
 .text.malloc   0x0000000060004b6c       0xc8 /usr/local/mcuxpressoide-11.2.0_4120/ide/plugins/com.nxp.mcuxpresso.tools.linux_11.2.0.202001021529/tools/bin/../lib/gcc/arm-none-eabi/9.2.1/../../../../arm-none-eabi/lib/thumb/v7e-m+fp/hard/libcr_c.a(alloc.o)
                0x0000000060004b6c                malloc
 .text._Csys_alloc
                0x0000000060004c34       0x20 /usr/local/mcuxpressoide-11.2.0_4120/ide/plugins/com.nxp.mcuxpresso.tools.linux_11.2.0.202001021529/tools/bin/../lib/gcc/arm-none-eabi/9.2.1/../../../../arm-none-eabi/lib/thumb/v7e-m+fp/hard/libcr_c.a(alloc.o)
                0x0000000060004c34                _Csys_alloc
 .text.sprintf  0x0000000060004c54       0x6c /usr/local/mcuxpressoide-11.2.0_4120/ide/plugins/com.nxp.mcuxpresso.tools.linux_11.2.0.202001021529/tools/bin/../lib/gcc/arm-none-eabi/9.2.1/../../../../arm-none-eabi/lib/thumb/v7e-m+fp/hard/libcr_c.a(fpprintf.o)
                0x0000000060004c54                sprintf
 .text.fseek    0x0000000060004cc0      0x100 /usr/local/mcuxpressoide-11.2.0_4120/ide/plugins/com.nxp.mcuxpresso.tools.linux_11.2.0.202001021529/tools/bin/../lib/gcc/arm-none-eabi/9.2.1/../../../../arm-none-eabi/lib/thumb/v7e-m+fp/hard/libcr_c.a(fseek.o)
                0x0000000060004cc0                fseek
 .text.ftell    0x0000000060004dc0       0x44 /usr/local/mcuxpressoide-11.2.0_4120/ide/plugins/com.nxp.mcuxpresso.tools.linux_11.2.0.202001021529/tools/bin/../lib/gcc/arm-none-eabi/9.2.1/../../../../arm-none-eabi/lib/thumb/v7e-m+fp/hard/libcr_c.a(ftell.o)
                0x0000000060004dc0                ftell
 .text._initio  0x0000000060004e04       0x78 /usr/local/mcuxpressoide-11.2.0_4120/ide/plugins/com.nxp.mcuxpresso.tools.linux_11.2.0.202001021529/tools/bin/../lib/gcc/arm-none-eabi/9.2.1/../../../../arm-none-eabi/lib/thumb/v7e-m+fp/hard/libcr_c.a(initio.o)
                0x0000000060004e04                _initio
 .text.__vfprintf
                0x0000000060004e7c      0xce8 /usr/local/mcuxpressoide-11.2.0_4120/ide/plugins/com.nxp.mcuxpresso.tools.linux_11.2.0.202001021529/tools/bin/../lib/gcc/arm-none-eabi/9.2.1/../../../../arm-none-eabi/lib/thumb/v7e-m+fp/hard/libcr_c.a(printf.o)
                0x0000000060004e7c                __vfprintf
 .text._sbrk    0x0000000060005b64       0x3c /usr/local/mcuxpressoide-11.2.0_4120/ide/plugins/com.nxp.mcuxpresso.tools.linux_11.2.0.202001021529/tools/bin/../lib/gcc/arm-none-eabi/9.2.1/../../../../arm-none-eabi/lib/thumb/v7e-m+fp/hard/libcr_c.a(_cr_sbrk.o)
                0x0000000060005b64                _sbrk
 .text.fflush   0x0000000060005ba0       0x44 /usr/local/mcuxpressoide-11.2.0_4120/ide/plugins/com.nxp.mcuxpresso.tools.linux_11.2.0.202001021529/tools/bin/../lib/gcc/arm-none-eabi/9.2.1/../../../../arm-none-eabi/lib/thumb/v7e-m+fp/hard/libcr_c.a(fflush.o)
                0x0000000060005ba0                fflush
 .text.__check_heap_overflow
                0x0000000060005be4       0x18 /usr/local/mcuxpressoide-11.2.0_4120/ide/plugins/com.nxp.mcuxpresso.tools.linux_11.2.0.202001021529/tools/bin/../lib/gcc/arm-none-eabi/9.2.1/../../../../arm-none-eabi/lib/thumb/v7e-m+fp/hard/libcr_c.a(_cr_check_heap.o)
                0x0000000060005be4                __check_heap_overflow
 .text.__aeabi_dmul
                0x0000000060005bfc      0x114 /usr/local/mcuxpressoide-11.2.0_4120/ide/plugins/com.nxp.mcuxpresso.tools.linux_11.2.0.202001021529/tools/bin/../lib/gcc/arm-none-eabi/9.2.1/thumb/v7e-m+fp/hard/libcr_eabihelpers.a(double.o)
                0x0000000060005bfc                __aeabi_dmul
 .text.__aeabi_ddiv
                0x0000000060005d10      0x144 /usr/local/mcuxpressoide-11.2.0_4120/ide/plugins/com.nxp.mcuxpresso.tools.linux_11.2.0.202001021529/tools/bin/../lib/gcc/arm-none-eabi/9.2.1/thumb/v7e-m+fp/hard/libcr_eabihelpers.a(double.o)
                0x0000000060005d10                __aeabi_ddiv
 .text.__aeabi_dsub
                0x0000000060005e54      0x1b0 /usr/local/mcuxpressoide-11.2.0_4120/ide/plugins/com.nxp.mcuxpresso.tools.linux_11.2.0.202001021529/tools/bin/../lib/gcc/arm-none-eabi/9.2.1/thumb/v7e-m+fp/hard/libcr_eabihelpers.a(double.o)
                0x0000000060005e54                __aeabi_dsub
 .text.__aeabi_dadd
                0x0000000060006004      0x114 /usr/local/mcuxpressoide-11.2.0_4120/ide/plugins/com.nxp.mcuxpresso.tools.linux_11.2.0.202001021529/tools/bin/../lib/gcc/arm-none-eabi/9.2.1/thumb/v7e-m+fp/hard/libcr_eabihelpers.a(double.o)
                0x0000000060006004                __aeabi_dadd
 .text.__aeabi_d2f
                0x0000000060006118       0x58 /usr/local/mcuxpressoide-11.2.0_4120/ide/plugins/com.nxp.mcuxpresso.tools.linux_11.2.0.202001021529/tools/bin/../lib/gcc/arm-none-eabi/9.2.1/thumb/v7e-m+fp/hard/libcr_eabihelpers.a(double.o)
                0x0000000060006118                __aeabi_d2f
 .text.__aeabi_f2d
                0x0000000060006170       0x38 /usr/local/mcuxpressoide-11.2.0_4120/ide/plugins/com.nxp.mcuxpresso.tools.linux_11.2.0.202001021529/tools/bin/../lib/gcc/arm-none-eabi/9.2.1/thumb/v7e-m+fp/hard/libcr_eabihelpers.a(float.o)
                0x0000000060006170                __aeabi_f2d
 .text.DMA0_IRQHandler
                0x00000000600061a8        0x8 ./startup/startup_mimxrt1011.o
                0x00000000600061a8                DMA0_IRQHandler
 .text.DMA1_IRQHandler
                0x00000000600061b0        0x8 ./startup/startup_mimxrt1011.o
                0x00000000600061b0                DMA1_IRQHandler
 .text.DMA2_IRQHandler
                0x00000000600061b8        0x8 ./startup/startup_mimxrt1011.o
                0x00000000600061b8                DMA2_IRQHandler
 .text.DMA3_IRQHandler
                0x00000000600061c0        0x8 ./startup/startup_mimxrt1011.o
                0x00000000600061c0                DMA3_IRQHandler
 .text.DMA4_IRQHandler
                0x00000000600061c8        0x8 ./startup/startup_mimxrt1011.o
                0x00000000600061c8                DMA4_IRQHandler
 .text.DMA5_IRQHandler
                0x00000000600061d0        0x8 ./startup/startup_mimxrt1011.o
                0x00000000600061d0                DMA5_IRQHandler
 .text.DMA6_IRQHandler
                0x00000000600061d8        0x8 ./startup/startup_mimxrt1011.o
                0x00000000600061d8                DMA6_IRQHandler
 .text.DMA7_IRQHandler
                0x00000000600061e0        0x8 ./startup/startup_mimxrt1011.o
                0x00000000600061e0                DMA7_IRQHandler
 .text.DMA8_IRQHandler
                0x00000000600061e8        0x8 ./startup/startup_mimxrt1011.o
                0x00000000600061e8                DMA8_IRQHandler
 .text.DMA9_IRQHandler
                0x00000000600061f0        0x8 ./startup/startup_mimxrt1011.o
                0x00000000600061f0                DMA9_IRQHandler
 .text.DMA10_IRQHandler
                0x00000000600061f8        0x8 ./startup/startup_mimxrt1011.o
                0x00000000600061f8                DMA10_IRQHandler
 .text.DMA11_IRQHandler
                0x0000000060006200        0x8 ./startup/startup_mimxrt1011.o
                0x0000000060006200                DMA11_IRQHandler
 .text.DMA12_IRQHandler
                0x0000000060006208        0x8 ./startup/startup_mimxrt1011.o
                0x0000000060006208                DMA12_IRQHandler
 .text.DMA13_IRQHandler
                0x0000000060006210        0x8 ./startup/startup_mimxrt1011.o
                0x0000000060006210                DMA13_IRQHandler
 .text.DMA14_IRQHandler
                0x0000000060006218        0x8 ./startup/startup_mimxrt1011.o
                0x0000000060006218                DMA14_IRQHandler
 .text.DMA15_IRQHandler
                0x0000000060006220        0x8 ./startup/startup_mimxrt1011.o
                0x0000000060006220                DMA15_IRQHandler
 .text.DMA_ERROR_IRQHandler
                0x0000000060006228        0x8 ./startup/startup_mimxrt1011.o
                0x0000000060006228                DMA_ERROR_IRQHandler
 .text.CTI0_ERROR_IRQHandler
                0x0000000060006230        0x8 ./startup/startup_mimxrt1011.o
                0x0000000060006230                CTI0_ERROR_IRQHandler
 .text.CTI1_ERROR_IRQHandler
                0x0000000060006238        0x8 ./startup/startup_mimxrt1011.o
                0x0000000060006238                CTI1_ERROR_IRQHandler
 .text.CORE_IRQHandler
                0x0000000060006240        0x8 ./startup/startup_mimxrt1011.o
                0x0000000060006240                CORE_IRQHandler
 .text.LPUART1_IRQHandler
                0x0000000060006248        0x8 ./startup/startup_mimxrt1011.o
                0x0000000060006248                LPUART1_IRQHandler
 .text.LPUART2_IRQHandler
                0x0000000060006250        0x8 ./startup/startup_mimxrt1011.o
                0x0000000060006250                LPUART2_IRQHandler
 .text.LPUART3_IRQHandler
                0x0000000060006258        0x8 ./startup/startup_mimxrt1011.o
                0x0000000060006258                LPUART3_IRQHandler
 .text.LPUART4_IRQHandler
                0x0000000060006260        0x8 ./startup/startup_mimxrt1011.o
                0x0000000060006260                LPUART4_IRQHandler
 .text.USB_OTG1_IRQHandler
                0x0000000060006268        0x8 ./startup/startup_mimxrt1011.o
                0x0000000060006268                USB_OTG1_IRQHandler
 .text.FLEXSPI_IRQHandler
                0x0000000060006270        0x8 ./startup/startup_mimxrt1011.o
                0x0000000060006270                FLEXSPI_IRQHandler
 .text.FLEXRAM_IRQHandler
                0x0000000060006278        0x8 ./startup/startup_mimxrt1011.o
                0x0000000060006278                FLEXRAM_IRQHandler
 .text.LPI2C1_IRQHandler
                0x0000000060006280        0x8 ./startup/startup_mimxrt1011.o
                0x0000000060006280                LPI2C1_IRQHandler
 .text.LPI2C2_IRQHandler
                0x0000000060006288        0x8 ./startup/startup_mimxrt1011.o
                0x0000000060006288                LPI2C2_IRQHandler
 .text.GPT1_IRQHandler
                0x0000000060006290        0x8 ./startup/startup_mimxrt1011.o
                0x0000000060006290                GPT1_IRQHandler
 .text.GPT2_IRQHandler
                0x0000000060006298        0x8 ./startup/startup_mimxrt1011.o
                0x0000000060006298                GPT2_IRQHandler
 .text.LPSPI1_IRQHandler
                0x00000000600062a0        0x8 ./startup/startup_mimxrt1011.o
                0x00000000600062a0                LPSPI1_IRQHandler
 .text.LPSPI2_IRQHandler
                0x00000000600062a8        0x8 ./startup/startup_mimxrt1011.o
                0x00000000600062a8                LPSPI2_IRQHandler
 .text.PWM1_0_IRQHandler
                0x00000000600062b0        0x8 ./startup/startup_mimxrt1011.o
                0x00000000600062b0                PWM1_0_IRQHandler
 .text.PWM1_1_IRQHandler
                0x00000000600062b8        0x8 ./startup/startup_mimxrt1011.o
                0x00000000600062b8                PWM1_1_IRQHandler
 .text.PWM1_2_IRQHandler
                0x00000000600062c0        0x8 ./startup/startup_mimxrt1011.o
                0x00000000600062c0                PWM1_2_IRQHandler
 .text.PWM1_3_IRQHandler
                0x00000000600062c8        0x8 ./startup/startup_mimxrt1011.o
                0x00000000600062c8                PWM1_3_IRQHandler
 .text.PWM1_FAULT_IRQHandler
                0x00000000600062d0        0x8 ./startup/startup_mimxrt1011.o
                0x00000000600062d0                PWM1_FAULT_IRQHandler
 .text.KPP_IRQHandler
                0x00000000600062d8        0x8 ./startup/startup_mimxrt1011.o
                0x00000000600062d8                KPP_IRQHandler
 .text.SRC_IRQHandler
                0x00000000600062e0        0x8 ./startup/startup_mimxrt1011.o
                0x00000000600062e0                SRC_IRQHandler
 .text.GPR_IRQ_IRQHandler
                0x00000000600062e8        0x8 ./startup/startup_mimxrt1011.o
                0x00000000600062e8                GPR_IRQ_IRQHandler
 .text.CCM_1_IRQHandler
                0x00000000600062f0        0x8 ./startup/startup_mimxrt1011.o
                0x00000000600062f0                CCM_1_IRQHandler
 .text.CCM_2_IRQHandler
                0x00000000600062f8        0x8 ./startup/startup_mimxrt1011.o
                0x00000000600062f8                CCM_2_IRQHandler
 .text.EWM_IRQHandler
                0x0000000060006300        0x8 ./startup/startup_mimxrt1011.o
                0x0000000060006300                EWM_IRQHandler
 .text.WDOG2_IRQHandler
                0x0000000060006308        0x8 ./startup/startup_mimxrt1011.o
                0x0000000060006308                WDOG2_IRQHandler
 .text.SNVS_HP_WRAPPER_IRQHandler
                0x0000000060006310        0x8 ./startup/startup_mimxrt1011.o
                0x0000000060006310                SNVS_HP_WRAPPER_IRQHandler
 .text.SNVS_HP_WRAPPER_TZ_IRQHandler
                0x0000000060006318        0x8 ./startup/startup_mimxrt1011.o
                0x0000000060006318                SNVS_HP_WRAPPER_TZ_IRQHandler
 .text.SNVS_LP_WRAPPER_IRQHandler
                0x0000000060006320        0x8 ./startup/startup_mimxrt1011.o
                0x0000000060006320                SNVS_LP_WRAPPER_IRQHandler
 .text.CSU_IRQHandler
                0x0000000060006328        0x8 ./startup/startup_mimxrt1011.o
                0x0000000060006328                CSU_IRQHandler
 .text.DCP_IRQHandler
                0x0000000060006330        0x8 ./startup/startup_mimxrt1011.o
                0x0000000060006330                DCP_IRQHandler
 .text.DCP_VMI_IRQHandler
                0x0000000060006338        0x8 ./startup/startup_mimxrt1011.o
                0x0000000060006338                DCP_VMI_IRQHandler
 .text.Reserved68_IRQHandler
                0x0000000060006340        0x8 ./startup/startup_mimxrt1011.o
                0x0000000060006340                Reserved68_IRQHandler
 .text.TRNG_IRQHandler
                0x0000000060006348        0x8 ./startup/startup_mimxrt1011.o
                0x0000000060006348                TRNG_IRQHandler
 .text.Reserved70_IRQHandler
                0x0000000060006350        0x8 ./startup/startup_mimxrt1011.o
                0x0000000060006350                Reserved70_IRQHandler
 .text.Reserved71_IRQHandler
                0x0000000060006358        0x8 ./startup/startup_mimxrt1011.o
                0x0000000060006358                Reserved71_IRQHandler
 .text.SAI1_IRQHandler
                0x0000000060006360        0x8 ./startup/startup_mimxrt1011.o
                0x0000000060006360                SAI1_IRQHandler
 .text.RTWDOG_IRQHandler
                0x0000000060006368        0x8 ./startup/startup_mimxrt1011.o
                0x0000000060006368                RTWDOG_IRQHandler
 .text.SAI3_RX_IRQHandler
                0x0000000060006370        0x8 ./startup/startup_mimxrt1011.o
                0x0000000060006370                SAI3_RX_IRQHandler
 .text.SAI3_TX_IRQHandler
                0x0000000060006378        0x8 ./startup/startup_mimxrt1011.o
                0x0000000060006378                SAI3_TX_IRQHandler
 .text.SPDIF_IRQHandler
                0x0000000060006380        0x8 ./startup/startup_mimxrt1011.o
                0x0000000060006380                SPDIF_IRQHandler
 .text.PMU_IRQHandler
                0x0000000060006388        0x8 ./startup/startup_mimxrt1011.o
                0x0000000060006388                PMU_IRQHandler
 .text.XBAR1_IRQ_0_1_2_3_IRQHandler
                0x0000000060006390        0x8 ./startup/startup_mimxrt1011.o
                0x0000000060006390                XBAR1_IRQ_0_1_2_3_IRQHandler
 .text.TEMP_LOW_HIGH_IRQHandler
                0x0000000060006398        0x8 ./startup/startup_mimxrt1011.o
                0x0000000060006398                TEMP_LOW_HIGH_IRQHandler
 .text.TEMP_PANIC_IRQHandler
                0x00000000600063a0        0x8 ./startup/startup_mimxrt1011.o
                0x00000000600063a0                TEMP_PANIC_IRQHandler
 .text.USB_PHY_IRQHandler
                0x00000000600063a8        0x8 ./startup/startup_mimxrt1011.o
                0x00000000600063a8                USB_PHY_IRQHandler
 .text.GPC_IRQHandler
                0x00000000600063b0        0x8 ./startup/startup_mimxrt1011.o
                0x00000000600063b0                GPC_IRQHandler
 .text.FLEXIO1_IRQHandler
                0x00000000600063b8        0x8 ./startup/startup_mimxrt1011.o
                0x00000000600063b8                FLEXIO1_IRQHandler
 .text.DCDC_IRQHandler
                0x00000000600063c0        0x8 ./startup/startup_mimxrt1011.o
                0x00000000600063c0                DCDC_IRQHandler
 .text.GPIO1_Combined_0_15_IRQHandler
                0x00000000600063c8        0x8 ./startup/startup_mimxrt1011.o
                0x00000000600063c8                GPIO1_Combined_0_15_IRQHandler
 .text.GPIO1_Combined_16_31_IRQHandler
                0x00000000600063d0        0x8 ./startup/startup_mimxrt1011.o
                0x00000000600063d0                GPIO1_Combined_16_31_IRQHandler
 .text.GPIO5_Combined_0_15_IRQHandler
                0x00000000600063d8        0x8 ./startup/startup_mimxrt1011.o
                0x00000000600063d8                GPIO5_Combined_0_15_IRQHandler
 .text.WDOG1_IRQHandler
                0x00000000600063e0        0x8 ./startup/startup_mimxrt1011.o
                0x00000000600063e0                WDOG1_IRQHandler
 .text.ADC_ETC_IRQ0_IRQHandler
                0x00000000600063e8        0x8 ./startup/startup_mimxrt1011.o
                0x00000000600063e8                ADC_ETC_IRQ0_IRQHandler
 .text.ADC_ETC_IRQ1_IRQHandler
                0x00000000600063f0        0x8 ./startup/startup_mimxrt1011.o
                0x00000000600063f0                ADC_ETC_IRQ1_IRQHandler
 .text.ADC_ETC_IRQ2_IRQHandler
                0x00000000600063f8        0x8 ./startup/startup_mimxrt1011.o
                0x00000000600063f8                ADC_ETC_IRQ2_IRQHandler
 .text.ADC_ETC_IRQ3_IRQHandler
                0x0000000060006400        0x8 ./startup/startup_mimxrt1011.o
                0x0000000060006400                ADC_ETC_IRQ3_IRQHandler
 .text.ADC_ETC_ERROR_IRQ_IRQHandler
                0x0000000060006408        0x8 ./startup/startup_mimxrt1011.o
                0x0000000060006408                ADC_ETC_ERROR_IRQ_IRQHandler
 .text.GPIO_PortClearInterruptFlags
                0x0000000060006410       0x1c ./source/MIMXRT1011xxxxx_Project.o
 .text.PIT_ClearStatusFlags
                0x000000006000642c       0x2a ./source/MIMXRT1011xxxxx_Project.o
 .text.PIT_SetTimerPeriod
                0x0000000060006456       0x28 ./source/MIMXRT1011xxxxx_Project.o
 .text.PIT_StartTimer
                0x000000006000647e       0x38 ./source/MIMXRT1011xxxxx_Project.o
 .text.PIT_StopTimer
                0x00000000600064b6       0x38 ./source/MIMXRT1011xxxxx_Project.o
 .text.getHigherOrderBits
                0x00000000600064ee       0x1c ./source/display.o
                0x00000000600064ee                getHigherOrderBits
 .text.getLowerOrderBits
                0x000000006000650a       0x1e ./source/display.o
                0x000000006000650a                getLowerOrderBits
 .text.PinWrite
                0x0000000060006528       0x28 ./source/display.o
                0x0000000060006528                PinWrite
 .text.display_write4bits
                0x0000000060006550       0x70 ./source/display.o
                0x0000000060006550                display_write4bits
 .text.display_write_command
                0x00000000600065c0       0x48 ./source/display.o
                0x00000000600065c0                display_write_command
 .text.display_write_data
                0x0000000060006608       0x48 ./source/display.o
                0x0000000060006608                display_write_data
 .text.display_clear
                0x0000000060006650       0x20 ./source/display.o
                0x0000000060006650                display_clear
 .text.display_function_set
                0x0000000060006670       0x30 ./source/display.o
                0x0000000060006670                display_function_set
 .text.display_enable
                0x00000000600066a0       0x18 ./source/display.o
                0x00000000600066a0                display_enable
 .text.display_print
                0x00000000600066b8       0x42 ./source/display.o
                0x00000000600066b8                display_print
 .text.display_position_cursor
                0x00000000600066fa       0x24 ./source/display.o
                0x00000000600066fa                display_position_cursor
 .text.display_entry_mode_set
                0x000000006000671e       0x18 ./source/display.o
                0x000000006000671e                display_entry_mode_set
 .text.display_initialize
                0x0000000060006736       0x58 ./source/display.o
                0x0000000060006736                display_initialize
 .text.HardFault_Handler
                0x000000006000678e       0x2c ./source/semihost_hardfault.o
                0x000000006000678e                HardFault_Handler
 .text.CLOCK_EnableClock
                0x00000000600067ba       0x1e ./drivers/fsl_adc.o
 .text.CLOCK_IsPllBypassed
                0x00000000600067d8       0x32 ./drivers/fsl_clock.o
 .text.CLOCK_IsPllEnabled
                0x000000006000680a       0x3c ./drivers/fsl_clock.o
 .text.CLOCK_GetPllBypassRefClk
                0x0000000060006846       0x34 ./drivers/fsl_clock.o
 .text.DelayLoop
                0x000000006000687a       0x20 ./drivers/fsl_common.o
 .text.CLOCK_EnableClock
                0x000000006000689a       0x1e ./drivers/fsl_gpio.o
 .text.GPIO_SetPinInterruptConfig
                0x00000000600068b8       0x22 ./drivers/fsl_gpio.o
 .text.CLOCK_EnableClock
                0x00000000600068da       0x1e ./drivers/fsl_pit.o
 .text.DbgConsole_Init
                0x00000000600068f8       0x20 ./board/board.o
 .text.BOARD_InitDebugConsole
                0x0000000060006918       0x22 ./board/board.o
                0x0000000060006918                BOARD_InitDebugConsole
 .text.CLOCK_DisableClock
                0x000000006000693a       0x1e ./board/clock_config.o
 .text.CLOCK_SetPllBypass
                0x0000000060006958       0x4e ./board/clock_config.o
 .text.IOMUXC_SetSaiMClkClockSource
                0x00000000600069a6       0x6c ./board/clock_config.o
 .text.BOARD_InitBootClocks
                0x0000000060006a12        0xc ./board/clock_config.o
                0x0000000060006a12                BOARD_InitBootClocks
 .text.EnableIRQ
                0x0000000060006a1e       0x2c ./board/peripherals.o
 .text.PIT_EnableInterrupts
                0x0000000060006a4a       0x3a ./board/peripherals.o
 .text.PIT_SetTimerPeriod
                0x0000000060006a84       0x28 ./board/peripherals.o
 .text.PIT_StartTimer
                0x0000000060006aac       0x38 ./board/peripherals.o
 .text.GPIO1_init
                0x0000000060006ae4        0xe ./board/peripherals.o
 .text.GPIO2_init
                0x0000000060006af2        0xe ./board/peripherals.o
 .text.BOARD_InitPeripherals
                0x0000000060006b00       0x18 ./board/peripherals.o
                0x0000000060006b00                BOARD_InitPeripherals
 .text.BOARD_InitBootPeripherals
                0x0000000060006b18        0xc ./board/peripherals.o
                0x0000000060006b18                BOARD_InitBootPeripherals
 .text.CLOCK_EnableClock
                0x0000000060006b24       0x1e ./board/pin_mux.o
 .text.IOMUXC_SetPinMux
                0x0000000060006b42       0x3a ./board/pin_mux.o
 .text.IOMUXC_SetPinConfig
                0x0000000060006b7c       0x26 ./board/pin_mux.o
 .text.GPIO_PortEnableInterrupts
                0x0000000060006ba2       0x22 ./board/pin_mux.o
 .text.BOARD_InitBootPins
                0x0000000060006bc4       0x10 ./board/pin_mux.o
                0x0000000060006bc4                BOARD_InitBootPins
 .text.__main   0x0000000060006bd4        0xe /usr/local/mcuxpressoide-11.2.0_4120/ide/plugins/com.nxp.mcuxpresso.tools.linux_11.2.0.202001021529/tools/bin/../lib/gcc/arm-none-eabi/9.2.1/../../../../arm-none-eabi/lib/thumb/v7e-m+fp/hard/libcr_semihost.a(_cr__main.o)
                0x0000000060006bd4                __main
                0x0000000060006bd4                __CR_SEMIHOST
 .text.memset   0x0000000060006be2        0x4 /usr/local/mcuxpressoide-11.2.0_4120/ide/plugins/com.nxp.mcuxpresso.tools.linux_11.2.0.202001021529/tools/bin/../lib/gcc/arm-none-eabi/9.2.1/../../../../arm-none-eabi/lib/thumb/v7e-m+fp/hard/libcr_c.a(memset.o)
                0x0000000060006be2                memset
 .text._deferredlazyseek
                0x0000000060006be6       0x40 /usr/local/mcuxpressoide-11.2.0_4120/ide/plugins/com.nxp.mcuxpresso.tools.linux_11.2.0.202001021529/tools/bin/../lib/gcc/arm-none-eabi/9.2.1/../../../../arm-none-eabi/lib/thumb/v7e-m+fp/hard/libcr_c.a(_deferredlazyseek.o)
                0x0000000060006be6                _deferredlazyseek
 .text.__flsbuf
                0x0000000060006c26      0x140 /usr/local/mcuxpressoide-11.2.0_4120/ide/plugins/com.nxp.mcuxpresso.tools.linux_11.2.0.202001021529/tools/bin/../lib/gcc/arm-none-eabi/9.2.1/../../../../arm-none-eabi/lib/thumb/v7e-m+fp/hard/libcr_c.a(_deferredlazyseek.o)
                0x0000000060006c26                __flsbuf
 .text._fflush  0x0000000060006d66       0x52 /usr/local/mcuxpressoide-11.2.0_4120/ide/plugins/com.nxp.mcuxpresso.tools.linux_11.2.0.202001021529/tools/bin/../lib/gcc/arm-none-eabi/9.2.1/../../../../arm-none-eabi/lib/thumb/v7e-m+fp/hard/libcr_c.a(_fflush.o)
                0x0000000060006d66                _fflush
 .text.free     0x0000000060006db8       0x30 /usr/local/mcuxpressoide-11.2.0_4120/ide/plugins/com.nxp.mcuxpresso.tools.linux_11.2.0.202001021529/tools/bin/../lib/gcc/arm-none-eabi/9.2.1/../../../../arm-none-eabi/lib/thumb/v7e-m+fp/hard/libcr_c.a(alloc.o)
                0x0000000060006db8                free
 .text.fp_round
                0x0000000060006de8       0x4e /usr/local/mcuxpressoide-11.2.0_4120/ide/plugins/com.nxp.mcuxpresso.tools.linux_11.2.0.202001021529/tools/bin/../lib/gcc/arm-none-eabi/9.2.1/../../../../arm-none-eabi/lib/thumb/v7e-m+fp/hard/libcr_c.a(fpprintf.o)
 .text.pr_dec.constprop.0
                0x0000000060006e36       0x26 /usr/local/mcuxpressoide-11.2.0_4120/ide/plugins/com.nxp.mcuxpresso.tools.linux_11.2.0.202001021529/tools/bin/../lib/gcc/arm-none-eabi/9.2.1/../../../../arm-none-eabi/lib/thumb/v7e-m+fp/hard/libcr_c.a(fpprintf.o)
 .text.fputs    0x0000000060006e5c       0x2c /usr/local/mcuxpressoide-11.2.0_4120/ide/plugins/com.nxp.mcuxpresso.tools.linux_11.2.0.202001021529/tools/bin/../lib/gcc/arm-none-eabi/9.2.1/../../../../arm-none-eabi/lib/thumb/v7e-m+fp/hard/libcr_c.a(fputs.o)
                0x0000000060006e5c                fputs
 .text.setvbuf  0x0000000060006e88       0x3e /usr/local/mcuxpressoide-11.2.0_4120/ide/plugins/com.nxp.mcuxpresso.tools.linux_11.2.0.202001021529/tools/bin/../lib/gcc/arm-none-eabi/9.2.1/../../../../arm-none-eabi/lib/thumb/v7e-m+fp/hard/libcr_c.a(setvbuf.o)
                0x0000000060006e88                setvbuf
 .text.strlen   0x0000000060006ec6       0x4c /usr/local/mcuxpressoide-11.2.0_4120/ide/plugins/com.nxp.mcuxpresso.tools.linux_11.2.0.202001021529/tools/bin/../lib/gcc/arm-none-eabi/9.2.1/../../../../arm-none-eabi/lib/thumb/v7e-m+fp/hard/libcr_c.a(strlen.o)
                0x0000000060006ec6                strlen
 .text._fdopen  0x0000000060006f12       0x68 /usr/local/mcuxpressoide-11.2.0_4120/ide/plugins/com.nxp.mcuxpresso.tools.linux_11.2.0.202001021529/tools/bin/../lib/gcc/arm-none-eabi/9.2.1/../../../../arm-none-eabi/lib/thumb/v7e-m+fp/hard/libcr_c.a(_fdopen.o)
                0x0000000060006f12                _fdopen
 .text.fclose   0x0000000060006f7a       0x58 /usr/local/mcuxpressoide-11.2.0_4120/ide/plugins/com.nxp.mcuxpresso.tools.linux_11.2.0.202001021529/tools/bin/../lib/gcc/arm-none-eabi/9.2.1/../../../../arm-none-eabi/lib/thumb/v7e-m+fp/hard/libcr_c.a(fclose.o)
                0x0000000060006f7a                fclose
 .text.remove   0x0000000060006fd2       0x14 /usr/local/mcuxpressoide-11.2.0_4120/ide/plugins/com.nxp.mcuxpresso.tools.linux_11.2.0.202001021529/tools/bin/../lib/gcc/arm-none-eabi/9.2.1/../../../../arm-none-eabi/lib/thumb/v7e-m+fp/hard/libcr_c.a(remove.o)
                0x0000000060006fd2                remove
 .text._do_fflush
                0x0000000060006fe6       0x40 /usr/local/mcuxpressoide-11.2.0_4120/ide/plugins/com.nxp.mcuxpresso.tools.linux_11.2.0.202001021529/tools/bin/../lib/gcc/arm-none-eabi/9.2.1/../../../../arm-none-eabi/lib/thumb/v7e-m+fp/hard/libcr_c.a(_do_fflush.o)
                0x0000000060006fe6                _do_fflush
 .text.__aeabi_division_uldivmod
                0x0000000060007026      0x174 /usr/local/mcuxpressoide-11.2.0_4120/ide/plugins/com.nxp.mcuxpresso.tools.linux_11.2.0.202001021529/tools/bin/../lib/gcc/arm-none-eabi/9.2.1/thumb/v7e-m+fp/hard/libcr_eabihelpers.a(division_64.o)
                0x0000000060007026                __aeabi_uldivmod
                0x000000006000702a                __bhs_ldivmod1
 .text.__aeabi_division_idiv0
                0x000000006000719a        0x2 /usr/local/mcuxpressoide-11.2.0_4120/ide/plugins/com.nxp.mcuxpresso.tools.linux_11.2.0.202001021529/tools/bin/../lib/gcc/arm-none-eabi/9.2.1/thumb/v7e-m+fp/hard/libcr_eabihelpers.a(division_idiv0.o)
                0x000000006000719a                __aeabi_idiv0
 .text.__aeabi_d2iz
                0x000000006000719c       0x40 /usr/local/mcuxpressoide-11.2.0_4120/ide/plugins/com.nxp.mcuxpresso.tools.linux_11.2.0.202001021529/tools/bin/../lib/gcc/arm-none-eabi/9.2.1/thumb/v7e-m+fp/hard/libcr_eabihelpers.a(double.o)
                0x000000006000719c                __aeabi_d2iz
 .text.__bhs_ui2d
                0x00000000600071dc       0x46 /usr/local/mcuxpressoide-11.2.0_4120/ide/plugins/com.nxp.mcuxpresso.tools.linux_11.2.0.202001021529/tools/bin/../lib/gcc/arm-none-eabi/9.2.1/thumb/v7e-m+fp/hard/libcr_eabihelpers.a(double.o)
                0x00000000600071dc                __bhs_ui2d
 .text.__aeabi_i2d
                0x0000000060007222       0x12 /usr/local/mcuxpressoide-11.2.0_4120/ide/plugins/com.nxp.mcuxpresso.tools.linux_11.2.0.202001021529/tools/bin/../lib/gcc/arm-none-eabi/9.2.1/thumb/v7e-m+fp/hard/libcr_eabihelpers.a(double.o)
                0x0000000060007222                __aeabi_i2d
 .text.__aeabi_ui2d
                0x0000000060007234        0x8 /usr/local/mcuxpressoide-11.2.0_4120/ide/plugins/com.nxp.mcuxpresso.tools.linux_11.2.0.202001021529/tools/bin/../lib/gcc/arm-none-eabi/9.2.1/thumb/v7e-m+fp/hard/libcr_eabihelpers.a(double.o)
                0x0000000060007234                __aeabi_ui2d
 .text.__aeabi_dcmpeq
                0x000000006000723c       0x30 /usr/local/mcuxpressoide-11.2.0_4120/ide/plugins/com.nxp.mcuxpresso.tools.linux_11.2.0.202001021529/tools/bin/../lib/gcc/arm-none-eabi/9.2.1/thumb/v7e-m+fp/hard/libcr_eabihelpers.a(double.o)
                0x000000006000723c                __aeabi_dcmpeq
 .text.__aeabi_dcmplt
                0x000000006000726c       0x56 /usr/local/mcuxpressoide-11.2.0_4120/ide/plugins/com.nxp.mcuxpresso.tools.linux_11.2.0.202001021529/tools/bin/../lib/gcc/arm-none-eabi/9.2.1/thumb/v7e-m+fp/hard/libcr_eabihelpers.a(double.o)
                0x000000006000726c                __aeabi_dcmplt
 .text.__aeabi_dcmpgt
                0x00000000600072c2       0x56 /usr/local/mcuxpressoide-11.2.0_4120/ide/plugins/com.nxp.mcuxpresso.tools.linux_11.2.0.202001021529/tools/bin/../lib/gcc/arm-none-eabi/9.2.1/thumb/v7e-m+fp/hard/libcr_eabihelpers.a(double.o)
                0x00000000600072c2                __aeabi_dcmpgt
 .text.__aeabi_dcmple
                0x0000000060007318       0x56 /usr/local/mcuxpressoide-11.2.0_4120/ide/plugins/com.nxp.mcuxpresso.tools.linux_11.2.0.202001021529/tools/bin/../lib/gcc/arm-none-eabi/9.2.1/thumb/v7e-m+fp/hard/libcr_eabihelpers.a(double.o)
                0x0000000060007318                __aeabi_dcmple
 .text.__aeabi_dcmpge
                0x000000006000736e       0x5c /usr/local/mcuxpressoide-11.2.0_4120/ide/plugins/com.nxp.mcuxpresso.tools.linux_11.2.0.202001021529/tools/bin/../lib/gcc/arm-none-eabi/9.2.1/thumb/v7e-m+fp/hard/libcr_eabihelpers.a(double.o)
                0x000000006000736e                __aeabi_dcmpge
 .text.__aeabi_memset_lowlevel
                0x00000000600073ca       0x32 /usr/local/mcuxpressoide-11.2.0_4120/ide/plugins/com.nxp.mcuxpresso.tools.linux_11.2.0.202001021529/tools/bin/../lib/gcc/arm-none-eabi/9.2.1/thumb/v7e-m+fp/hard/libcr_eabihelpers.a(memcpy.o)
                0x00000000600073ca                __aeabi_lowlevel_memset
 .text.__sys_close
                0x00000000600073fc        0xc /usr/local/mcuxpressoide-11.2.0_4120/ide/plugins/com.nxp.mcuxpresso.tools.linux_11.2.0.202001021529/tools/bin/../lib/gcc/arm-none-eabi/9.2.1/../../../../arm-none-eabi/lib/thumb/v7e-m+fp/hard/libcr_semihost.a(__sys_close.o)
                0x00000000600073fc                __sys_close
 .text.__sys_flen
                0x0000000060007408        0xc /usr/local/mcuxpressoide-11.2.0_4120/ide/plugins/com.nxp.mcuxpresso.tools.linux_11.2.0.202001021529/tools/bin/../lib/gcc/arm-none-eabi/9.2.1/../../../../arm-none-eabi/lib/thumb/v7e-m+fp/hard/libcr_semihost.a(__sys_flen.o)
                0x0000000060007408                __sys_flen
 .text.__sys_istty
                0x0000000060007414        0xc /usr/local/mcuxpressoide-11.2.0_4120/ide/plugins/com.nxp.mcuxpresso.tools.linux_11.2.0.202001021529/tools/bin/../lib/gcc/arm-none-eabi/9.2.1/../../../../arm-none-eabi/lib/thumb/v7e-m+fp/hard/libcr_semihost.a(__sys_istty.o)
                0x0000000060007414                __sys_istty
 .text.__sys_remove
                0x0000000060007420        0xc /usr/local/mcuxpressoide-11.2.0_4120/ide/plugins/com.nxp.mcuxpresso.tools.linux_11.2.0.202001021529/tools/bin/../lib/gcc/arm-none-eabi/9.2.1/../../../../arm-none-eabi/lib/thumb/v7e-m+fp/hard/libcr_semihost.a(__sys_remove.o)
                0x0000000060007420                __sys_remove
 .text.__sys_seek
                0x000000006000742c        0xc /usr/local/mcuxpressoide-11.2.0_4120/ide/plugins/com.nxp.mcuxpresso.tools.linux_11.2.0.202001021529/tools/bin/../lib/gcc/arm-none-eabi/9.2.1/../../../../arm-none-eabi/lib/thumb/v7e-m+fp/hard/libcr_semihost.a(__sys_seek.o)
                0x000000006000742c                __sys_seek
 .text.__sys_tmpnam
                0x0000000060007438        0xc /usr/local/mcuxpressoide-11.2.0_4120/ide/plugins/com.nxp.mcuxpresso.tools.linux_11.2.0.202001021529/tools/bin/../lib/gcc/arm-none-eabi/9.2.1/../../../../arm-none-eabi/lib/thumb/v7e-m+fp/hard/libcr_semihost.a(__sys_tmpnam.o)
                0x0000000060007438                __sys_tmpnam
 .text.__sys_write
                0x0000000060007444        0xc /usr/local/mcuxpressoide-11.2.0_4120/ide/plugins/com.nxp.mcuxpresso.tools.linux_11.2.0.202001021529/tools/bin/../lib/gcc/arm-none-eabi/9.2.1/../../../../arm-none-eabi/lib/thumb/v7e-m+fp/hard/libcr_semihost.a(__sys_write.o)
                0x0000000060007444                __sys_write
 *(SORT_BY_ALIGNMENT(.rodata) SORT_BY_ALIGNMENT(.rodata.*) SORT_BY_ALIGNMENT(.constdata) SORT_BY_ALIGNMENT(.constdata.*))
 .rodata.ADC_GetChannelConversionValue.str1.4
                0x0000000060007450       0x9f ./source/MIMXRT1011xxxxx_Project.o
 *fill*         0x00000000600074ef        0x1 ff
 .rodata.handle_adc_sampled.str1.4
                0x00000000600074f0       0x1c ./source/MIMXRT1011xxxxx_Project.o
 .rodata.main.str1.4
                0x000000006000750c        0xd ./source/MIMXRT1011xxxxx_Project.o
 *fill*         0x0000000060007519        0x3 ff
 .rodata.CLOCK_ControlGate.str1.4
                0x000000006000751c       0x20 ./drivers/fsl_adc.o
 .rodata.s_adcBases
                0x000000006000753c        0x8 ./drivers/fsl_adc.o
 .rodata.s_adcClocks
                0x0000000060007544        0x4 ./drivers/fsl_adc.o
 .rodata.ADC_GetInstance.str1.4
                0x0000000060007548       0x32 ./drivers/fsl_adc.o
 *fill*         0x000000006000757a        0x2 ff
 .rodata.ADC_Init.str1.4
                0x000000006000757c       0x1f ./drivers/fsl_adc.o
 *fill*         0x000000006000759b        0x1 ff
 .rodata.ADC_SetChannelConfig.str1.4
                0x000000006000759c       0x69 ./drivers/fsl_adc.o
 *fill*         0x0000000060007605        0x3 ff
 .rodata.CLOCK_InitExternalClk.str1.4
                0x0000000060007608       0x22 ./drivers/fsl_clock.o
 *fill*         0x000000006000762a        0x2 ff
 .rodata.SDK_DelayAtLeastUs.str1.4
                0x000000006000762c       0x4c ./drivers/fsl_common.o
 .rodata.CLOCK_ControlGate.str1.4
                0x0000000060007678       0x20 ./drivers/fsl_gpio.o
 .rodata.s_gpioBases
                0x0000000060007678       0x18 ./drivers/fsl_gpio.o
 .rodata.s_gpioClock
                0x0000000060007690        0xc ./drivers/fsl_gpio.o
 .rodata.GPIO_GetInstance.str1.4
                0x000000006000769c       0x34 ./drivers/fsl_gpio.o
 .rodata.GPIO_PinWrite.str1.4
                0x00000000600076d0       0x1c ./drivers/fsl_gpio.o
 .rodata.CLOCK_ControlGate.str1.4
                0x00000000600076ec       0x20 ./drivers/fsl_pit.o
 .rodata.PIT_GetInstance.str1.4
                0x00000000600076ec       0x32 ./drivers/fsl_pit.o
 *fill*         0x000000006000771e        0x2 ff
 .rodata.PIT_Init.str1.4
                0x0000000060007720       0x1f ./drivers/fsl_pit.o
 *fill*         0x000000006000773f        0x1 ff
 .rodata.CLOCK_SetMux.str1.4
                0x0000000060007740       0x87 ./board/clock_config.o
 *fill*         0x00000000600077c7        0x1 ff
 .rodata.CLOCK_SetDiv.str1.4
                0x00000000600077c8       0x87 ./board/clock_config.o
 *fill*         0x000000006000784f        0x1 ff
 .rodata.CLOCK_ControlGate.str1.4
                0x0000000060007850       0x76 ./board/clock_config.o
 *fill*         0x00000000600078c6        0x2 ff
 .rodata.sysPllConfig_BOARD_BootClockRUN
                0x00000000600078c8       0x14 ./board/clock_config.o
                0x00000000600078c8                sysPllConfig_BOARD_BootClockRUN
 .rodata.enetPllConfig_BOARD_BootClockRUN
                0x00000000600078dc        0x5 ./board/clock_config.o
                0x00000000600078dc                enetPllConfig_BOARD_BootClockRUN
 *fill*         0x00000000600078e1        0x3 ff
 .rodata.ADC1_config
                0x00000000600078e4        0xb ./board/peripherals.o
                0x00000000600078e4                ADC1_config
 *fill*         0x00000000600078ef        0x1 ff
 .rodata.ADC1_channels_config
                0x00000000600078f0        0x8 ./board/peripherals.o
                0x00000000600078f0                ADC1_channels_config
 .rodata.PIT_config
                0x00000000600078f8        0x1 ./board/peripherals.o
                0x00000000600078f8                PIT_config
 .rodata.CLOCK_ControlGate.str1.4
                0x00000000600078f9       0x76 ./board/pin_mux.o
 *fill*         0x00000000600078f9        0x3 ff
 .rodata        0x00000000600078fc        0x3 ./board/pin_mux.o
 *fill*         0x00000000600078ff        0x1 ff
 .rodata.__num_Ciob_streams
                0x0000000060007900        0x4 /usr/local/mcuxpressoide-11.2.0_4120/ide/plugins/com.nxp.mcuxpresso.tools.linux_11.2.0.202001021529/tools/bin/../lib/gcc/arm-none-eabi/9.2.1/../../../../arm-none-eabi/lib/thumb/v7e-m+fp/hard/libcr_semihost.a(__ciob.o)
                0x0000000060007900                __num_Ciob_streams
 .rodata.__assertion_failed.str1.1
                0x0000000060007904       0x15 /usr/local/mcuxpressoide-11.2.0_4120/ide/plugins/com.nxp.mcuxpresso.tools.linux_11.2.0.202001021529/tools/bin/../lib/gcc/arm-none-eabi/9.2.1/../../../../arm-none-eabi/lib/thumb/v7e-m+fp/hard/libcr_semihost.a(_cr_assert.o)
 .rodata._Csys_alloc.str1.1
                0x0000000060007919       0x18 /usr/local/mcuxpressoide-11.2.0_4120/ide/plugins/com.nxp.mcuxpresso.tools.linux_11.2.0.202001021529/tools/bin/../lib/gcc/arm-none-eabi/9.2.1/../../../../arm-none-eabi/lib/thumb/v7e-m+fp/hard/libcr_c.a(alloc.o)
 .rodata.fp_display.str1.1
                0x0000000060007931       0x32 /usr/local/mcuxpressoide-11.2.0_4120/ide/plugins/com.nxp.mcuxpresso.tools.linux_11.2.0.202001021529/tools/bin/../lib/gcc/arm-none-eabi/9.2.1/../../../../arm-none-eabi/lib/thumb/v7e-m+fp/hard/libcr_c.a(fpprintf.o)
                                         0x35 (size before relaxing)
 .rodata._initio.str1.1
                0x0000000060007963        0x4 /usr/local/mcuxpressoide-11.2.0_4120/ide/plugins/com.nxp.mcuxpresso.tools.linux_11.2.0.202001021529/tools/bin/../lib/gcc/arm-none-eabi/9.2.1/../../../../arm-none-eabi/lib/thumb/v7e-m+fp/hard/libcr_c.a(initio.o)
 .rodata.__vfprintf.str1.1
                0x0000000060007967       0x31 /usr/local/mcuxpressoide-11.2.0_4120/ide/plugins/com.nxp.mcuxpresso.tools.linux_11.2.0.202001021529/tools/bin/../lib/gcc/arm-none-eabi/9.2.1/../../../../arm-none-eabi/lib/thumb/v7e-m+fp/hard/libcr_c.a(printf.o)
                                         0x38 (size before relaxing)
                0x0000000060007998                . = ALIGN (0x4)

.glue_7         0x0000000060007998        0x0
 .glue_7        0x0000000060007998        0x0 linker stubs

.glue_7t        0x0000000060007998        0x0
 .glue_7t       0x0000000060007998        0x0 linker stubs

.vfp11_veneer   0x0000000060007998        0x0
 .vfp11_veneer  0x0000000060007998        0x0 linker stubs

.v4_bx          0x0000000060007998        0x0
 .v4_bx         0x0000000060007998        0x0 linker stubs

.iplt           0x0000000060007998        0x0
 .iplt          0x0000000060007998        0x0 ./xip/evkmimxrt1010_flexspi_nor_config.o

.rel.dyn        0x0000000060007998        0x0
 .rel.iplt      0x0000000060007998        0x0 ./xip/evkmimxrt1010_flexspi_nor_config.o

.ARM.extab
 *(SORT_BY_ALIGNMENT(.ARM.extab*) SORT_BY_ALIGNMENT(.gnu.linkonce.armextab.*))

.ARM.exidx      0x0000000060007998        0x0
                0x0000000060007998                __exidx_start = .
 *(SORT_BY_ALIGNMENT(.ARM.exidx*) SORT_BY_ALIGNMENT(.gnu.linkonce.armexidx.*))
                0x0000000060007998                __exidx_end = .
                0x0000000060007998                _etext = .

.data_RAM2      0x0000000000000000        0x0 load address 0x0000000060007998
 FILL mask 0xff
                [!provide]                        PROVIDE (__start_data_RAM2 = .)
                [!provide]                        PROVIDE (__start_data_SRAM_ITC = .)
 *(SORT_BY_ALIGNMENT(.ramfunc.$RAM2))
 *(SORT_BY_ALIGNMENT(.ramfunc.$SRAM_ITC))
 *(SORT_BY_ALIGNMENT(.data.$RAM2))
 *(SORT_BY_ALIGNMENT(.data.$SRAM_ITC))
 *(SORT_BY_ALIGNMENT(.data.$RAM2.*))
 *(SORT_BY_ALIGNMENT(.data.$SRAM_ITC.*))
                0x0000000000000000                . = ALIGN (0x4)
                [!provide]                        PROVIDE (__end_data_RAM2 = .)
                [!provide]                        PROVIDE (__end_data_SRAM_ITC = .)

.data_RAM3      0x0000000020200000        0x0 load address 0x0000000060007998
 FILL mask 0xff
                [!provide]                        PROVIDE (__start_data_RAM3 = .)
                [!provide]                        PROVIDE (__start_data_SRAM_OC = .)
 *(SORT_BY_ALIGNMENT(.ramfunc.$RAM3))
 *(SORT_BY_ALIGNMENT(.ramfunc.$SRAM_OC))
 *(SORT_BY_ALIGNMENT(.data.$RAM3))
 *(SORT_BY_ALIGNMENT(.data.$SRAM_OC))
 *(SORT_BY_ALIGNMENT(.data.$RAM3.*))
 *(SORT_BY_ALIGNMENT(.data.$SRAM_OC.*))
                0x0000000020200000                . = ALIGN (0x4)
                [!provide]                        PROVIDE (__end_data_RAM3 = .)
                [!provide]                        PROVIDE (__end_data_SRAM_OC = .)

.data_RAM4      0x0000000020208000        0x0 load address 0x0000000060007998
 FILL mask 0xff
                [!provide]                        PROVIDE (__start_data_RAM4 = .)
                [!provide]                        PROVIDE (__start_data_NCACHE_REGION = .)
 *(SORT_BY_ALIGNMENT(.ramfunc.$RAM4))
 *(SORT_BY_ALIGNMENT(.ramfunc.$NCACHE_REGION))
 *(SORT_BY_ALIGNMENT(.data.$RAM4))
 *(SORT_BY_ALIGNMENT(.data.$NCACHE_REGION))
 *(SORT_BY_ALIGNMENT(.data.$RAM4.*))
 *(SORT_BY_ALIGNMENT(.data.$NCACHE_REGION.*))
                0x0000000020208000                . = ALIGN (0x4)
                [!provide]                        PROVIDE (__end_data_RAM4 = .)
                [!provide]                        PROVIDE (__end_data_NCACHE_REGION = .)

.uninit_RESERVED
                0x0000000020000000        0x0
                0x0000000020000000                _start_uninit_RESERVED = .
 *(SORT_BY_ALIGNMENT(.bss.$RESERVED*))
                0x0000000020000000                . = ALIGN (0x4)
                0x0000000020000000                _end_uninit_RESERVED = .

.data           0x0000000020000000       0x34 load address 0x0000000060007998
 FILL mask 0xff
                0x0000000020000000                _data = .
                [!provide]                        PROVIDE (__start_data_RAM = .)
                [!provide]                        PROVIDE (__start_data_SRAM_DTC = .)
 *(SORT_BY_ALIGNMENT(vtable))
 *(SORT_BY_ALIGNMENT(.ramfunc*))
 *(SORT_BY_ALIGNMENT(CodeQuickAccess))
 *(SORT_BY_ALIGNMENT(DataQuickAccess))
 *(SORT_BY_ALIGNMENT(RamFunction))
 *(SORT_BY_ALIGNMENT(.data*))
 .data.maxAdc   0x0000000020000000        0x8 ./source/MIMXRT1011xxxxx_Project.o
                0x0000000020000000                maxAdc
 .data.beta_inverse
                0x0000000020000008        0x8 ./source/MIMXRT1011xxxxx_Project.o
                0x0000000020000008                beta_inverse
 .data.standard_temp_inverse
                0x0000000020000010        0x8 ./source/MIMXRT1011xxxxx_Project.o
                0x0000000020000010                standard_temp_inverse
 .data.timeouts_length.9183
                0x0000000020000018        0x4 ./source/MIMXRT1011xxxxx_Project.o
 .data.timeouts.9182
                0x000000002000001c       0x14 ./source/MIMXRT1011xxxxx_Project.o
 .data.SystemCoreClock
                0x0000000020000030        0x4 ./device/system_MIMXRT1011.o
                0x0000000020000030                SystemCoreClock
                0x0000000020000034                . = ALIGN (0x4)
                0x0000000020000034                _edata = .
                [!provide]                        PROVIDE (__end_data_RAM = .)
                [!provide]                        PROVIDE (__end_data_SRAM_DTC = .)

.igot.plt       0x0000000020000034        0x0 load address 0x00000000600079cc
 .igot.plt      0x0000000020000034        0x0 ./xip/evkmimxrt1010_flexspi_nor_config.o

.bss_RAM2       0x0000000000000000        0x0
                [!provide]                        PROVIDE (__start_bss_RAM2 = .)
                [!provide]                        PROVIDE (__start_bss_SRAM_ITC = .)
 *(SORT_BY_ALIGNMENT(.bss.$RAM2))
 *(SORT_BY_ALIGNMENT(.bss.$SRAM_ITC))
 *(SORT_BY_ALIGNMENT(.bss.$RAM2.*))
 *(SORT_BY_ALIGNMENT(.bss.$SRAM_ITC.*))
                0x0000000000000000                . = ALIGN ((. != 0x0)?0x4:0x1)
                [!provide]                        PROVIDE (__end_bss_RAM2 = .)
                [!provide]                        PROVIDE (__end_bss_SRAM_ITC = .)

.bss_RAM3       0x0000000020200000        0x0
                [!provide]                        PROVIDE (__start_bss_RAM3 = .)
                [!provide]                        PROVIDE (__start_bss_SRAM_OC = .)
 *(SORT_BY_ALIGNMENT(.bss.$RAM3))
 *(SORT_BY_ALIGNMENT(.bss.$SRAM_OC))
 *(SORT_BY_ALIGNMENT(.bss.$RAM3.*))
 *(SORT_BY_ALIGNMENT(.bss.$SRAM_OC.*))
                0x0000000020200000                . = ALIGN ((. != 0x0)?0x4:0x1)
                [!provide]                        PROVIDE (__end_bss_RAM3 = .)
                [!provide]                        PROVIDE (__end_bss_SRAM_OC = .)

.bss_RAM4       0x0000000020208000        0x0
                [!provide]                        PROVIDE (__start_bss_RAM4 = .)
                [!provide]                        PROVIDE (__start_bss_NCACHE_REGION = .)
 *(SORT_BY_ALIGNMENT(.bss.$RAM4))
 *(SORT_BY_ALIGNMENT(.bss.$NCACHE_REGION))
 *(SORT_BY_ALIGNMENT(.bss.$RAM4.*))
 *(SORT_BY_ALIGNMENT(.bss.$NCACHE_REGION.*))
                0x0000000020208000                . = ALIGN ((. != 0x0)?0x4:0x1)
                [!provide]                        PROVIDE (__end_bss_RAM4 = .)
                [!provide]                        PROVIDE (__end_bss_NCACHE_REGION = .)

.bss            0x0000000020000034      0x234
                0x0000000020000034                _bss = .
                [!provide]                        PROVIDE (__start_bss_RAM = .)
                [!provide]                        PROVIDE (__start_bss_SRAM_DTC = .)
 *(SORT_BY_ALIGNMENT(.bss*))
 .bss.display1  0x0000000020000034       0x1c ./source/MIMXRT1011xxxxx_Project.o
                0x0000000020000034                display1
 .bss.result    0x0000000020000050        0x4 ./source/MIMXRT1011xxxxx_Project.o
                0x0000000020000050                result
 .bss.value.9201
                0x0000000020000054        0x4 ./source/MIMXRT1011xxxxx_Project.o
 .bss.g_xtalFreq
                0x0000000020000058        0x4 ./drivers/fsl_clock.o
                0x0000000020000058                g_xtalFreq
 .bss.g_rtcXtalFreq
                0x000000002000005c        0x4 ./drivers/fsl_clock.o
                0x000000002000005c                g_rtcXtalFreq
 .bss.s_lpuartHandle
                0x0000000020000060       0x14 ./drivers/fsl_lpuart.o
 .bss.s_lpuartIsr
                0x0000000020000074        0x4 ./drivers/fsl_lpuart.o
 .bss.__Ciob    0x0000000020000078      0x1e0 /usr/local/mcuxpressoide-11.2.0_4120/ide/plugins/com.nxp.mcuxpresso.tools.linux_11.2.0.202001021529/tools/bin/../lib/gcc/arm-none-eabi/9.2.1/../../../../arm-none-eabi/lib/thumb/v7e-m+fp/hard/libcr_semihost.a(__ciob.o)
                0x0000000020000078                __Ciob
 .bss.__end_of_heap
                0x0000000020000258        0x4 /usr/local/mcuxpressoide-11.2.0_4120/ide/plugins/com.nxp.mcuxpresso.tools.linux_11.2.0.202001021529/tools/bin/../lib/gcc/arm-none-eabi/9.2.1/../../../../arm-none-eabi/lib/thumb/v7e-m+fp/hard/libcr_c.a(__init_alloc.o)
                0x0000000020000258                __end_of_heap
 .bss.__heaps   0x000000002000025c        0x4 /usr/local/mcuxpressoide-11.2.0_4120/ide/plugins/com.nxp.mcuxpresso.tools.linux_11.2.0.202001021529/tools/bin/../lib/gcc/arm-none-eabi/9.2.1/../../../../arm-none-eabi/lib/thumb/v7e-m+fp/hard/libcr_c.a(__init_alloc.o)
                0x000000002000025c                __heaps
 .bss.errno     0x0000000020000260        0x4 /usr/local/mcuxpressoide-11.2.0_4120/ide/plugins/com.nxp.mcuxpresso.tools.linux_11.2.0.202001021529/tools/bin/../lib/gcc/arm-none-eabi/9.2.1/../../../../arm-none-eabi/lib/thumb/v7e-m+fp/hard/libcr_c.a(errno.o)
                0x0000000020000260                errno
 .bss.timer_elapsed
                0x0000000020000264        0x1 ./source/MIMXRT1011xxxxx_Project.o
                0x0000000020000264                timer_elapsed
 .bss.button_pressed
                0x0000000020000265        0x1 ./source/MIMXRT1011xxxxx_Project.o
                0x0000000020000265                button_pressed
 .bss.adc_sampled
                0x0000000020000266        0x1 ./source/MIMXRT1011xxxxx_Project.o
                0x0000000020000266                adc_sampled
 .bss.timeout_index.9205
                0x0000000020000267        0x1 ./source/MIMXRT1011xxxxx_Project.o
 *(SORT_BY_ALIGNMENT(COMMON))
                0x0000000020000268                . = ALIGN (0x4)
                0x0000000020000268                _ebss = .
                [!provide]                        PROVIDE (__end_bss_RAM = .)
                [!provide]                        PROVIDE (__end_bss_SRAM_DTC = .)
                [!provide]                        PROVIDE (end = .)

.noinit_RAM2    0x0000000000000000        0x0
                [!provide]                        PROVIDE (__start_noinit_RAM2 = .)
                [!provide]                        PROVIDE (__start_noinit_SRAM_ITC = .)
 *(SORT_BY_ALIGNMENT(.noinit.$RAM2))
 *(SORT_BY_ALIGNMENT(.noinit.$SRAM_ITC))
 *(SORT_BY_ALIGNMENT(.noinit.$RAM2.*))
 *(SORT_BY_ALIGNMENT(.noinit.$SRAM_ITC.*))
                0x0000000000000000                . = ALIGN (0x4)
                [!provide]                        PROVIDE (__end_noinit_RAM2 = .)
                [!provide]                        PROVIDE (__end_noinit_SRAM_ITC = .)

.noinit_RAM3    0x0000000020200000        0x0
                [!provide]                        PROVIDE (__start_noinit_RAM3 = .)
                [!provide]                        PROVIDE (__start_noinit_SRAM_OC = .)
 *(SORT_BY_ALIGNMENT(.noinit.$RAM3))
 *(SORT_BY_ALIGNMENT(.noinit.$SRAM_OC))
 *(SORT_BY_ALIGNMENT(.noinit.$RAM3.*))
 *(SORT_BY_ALIGNMENT(.noinit.$SRAM_OC.*))
                0x0000000020200000                . = ALIGN (0x4)
                [!provide]                        PROVIDE (__end_noinit_RAM3 = .)
                [!provide]                        PROVIDE (__end_noinit_SRAM_OC = .)

.noinit_RAM4    0x0000000020208000        0x0
                [!provide]                        PROVIDE (__start_noinit_RAM4 = .)
                [!provide]                        PROVIDE (__start_noinit_NCACHE_REGION = .)
 *(SORT_BY_ALIGNMENT(.noinit.$RAM4))
 *(SORT_BY_ALIGNMENT(.noinit.$NCACHE_REGION))
 *(SORT_BY_ALIGNMENT(.noinit.$RAM4.*))
 *(SORT_BY_ALIGNMENT(.noinit.$NCACHE_REGION.*))
                0x0000000020208000                . = ALIGN (0x4)
                [!provide]                        PROVIDE (__end_noinit_RAM4 = .)
                [!provide]                        PROVIDE (__end_noinit_NCACHE_REGION = .)

.noinit         0x0000000020000268        0x0
                0x0000000020000268                _noinit = .
                [!provide]                        PROVIDE (__start_noinit_RAM = .)
                [!provide]                        PROVIDE (__start_noinit_SRAM_DTC = .)
 *(SORT_BY_ALIGNMENT(.noinit*))
                0x0000000020000268                . = ALIGN (0x4)
                0x0000000020000268                _end_noinit = .
                [!provide]                        PROVIDE (__end_noinit_RAM = .)
                [!provide]                        PROVIDE (__end_noinit_SRAM_DTC = .)
                0x0000000000000800                _HeapSize = 0x800

.heap           0x0000000020000268      0x800
                0x0000000020000268                _pvHeapStart = .
                0x0000000020000a68                . = (. + _HeapSize)
 *fill*         0x0000000020000268      0x800 
                0x0000000020000a68                . = ALIGN (0x4)
                0x0000000020000a68                _pvHeapLimit = .
                0x0000000000000800                _StackSize = 0x800

.heap2stackfill
                0x0000000020000a68      0x800
                0x0000000020001268                . = (. + _StackSize)
 *fill*         0x0000000020000a68      0x800 

.stack          0x0000000020007800        0x0
                0x0000000020007800                _vStackBase = .
                0x0000000020007800                . = ALIGN (0x4)
                0x0000000020008000                _vStackTop = (. + _StackSize)
                0x0000000060002000                _image_start = LOADADDR (.text)
                0x00000000600079cc                _image_end = (LOADADDR (.data) + SIZEOF (.data))
                0x00000000000059cc                _image_size = (_image_end - _image_start)
OUTPUT(MIMXRT1011xxxxx_Project.axf elf32-littlearm)

.debug_info     0x0000000000000000     0xde44
 .debug_info    0x0000000000000000      0x7fa ./xip/evkmimxrt1010_flexspi_nor_config.o
 .debug_info    0x00000000000007fa      0x5e3 ./xip/fsl_flexspi_nor_boot.o
 .debug_info    0x0000000000000ddd      0x867 ./startup/startup_mimxrt1011.o
 .debug_info    0x0000000000001644      0xf62 ./source/MIMXRT1011xxxxx_Project.o
 .debug_info    0x00000000000025a6      0x7ec ./source/display.o
 .debug_info    0x0000000000002d92       0x3c ./source/semihost_hardfault.o
 .debug_info    0x0000000000002dce     0x104a ./drivers/fsl_adc.o
 .debug_info    0x0000000000003e18     0x1aad ./drivers/fsl_clock.o
 .debug_info    0x00000000000058c5      0x2c5 ./drivers/fsl_common.o
 .debug_info    0x0000000000005b8a      0xb66 ./drivers/fsl_gpio.o
 .debug_info    0x00000000000066f0     0x1ecd ./drivers/fsl_lpuart.o
 .debug_info    0x00000000000085bd      0xaa5 ./drivers/fsl_pit.o
 .debug_info    0x0000000000009062      0xc86 ./device/system_MIMXRT1011.o
 .debug_info    0x0000000000009ce8     0x148c ./board/board.o
 .debug_info    0x000000000000b174     0x14c0 ./board/clock_config.o
 .debug_info    0x000000000000c634      0xd3a ./board/peripherals.o
 .debug_info    0x000000000000d36e      0xad6 ./board/pin_mux.o

.debug_abbrev   0x0000000000000000     0x235c
 .debug_abbrev  0x0000000000000000      0x14c ./xip/evkmimxrt1010_flexspi_nor_config.o
 .debug_abbrev  0x000000000000014c      0x13f ./xip/fsl_flexspi_nor_boot.o
 .debug_abbrev  0x000000000000028b      0x147 ./startup/startup_mimxrt1011.o
 .debug_abbrev  0x00000000000003d2      0x29b ./source/MIMXRT1011xxxxx_Project.o
 .debug_abbrev  0x000000000000066d      0x1cb ./source/display.o
 .debug_abbrev  0x0000000000000838       0x31 ./source/semihost_hardfault.o
 .debug_abbrev  0x0000000000000869      0x2a0 ./drivers/fsl_adc.o
 .debug_abbrev  0x0000000000000b09      0x36f ./drivers/fsl_clock.o
 .debug_abbrev  0x0000000000000e78      0x153 ./drivers/fsl_common.o
 .debug_abbrev  0x0000000000000fcb      0x255 ./drivers/fsl_gpio.o
 .debug_abbrev  0x0000000000001220      0x354 ./drivers/fsl_lpuart.o
 .debug_abbrev  0x0000000000001574      0x23d ./drivers/fsl_pit.o
 .debug_abbrev  0x00000000000017b1      0x1be ./device/system_MIMXRT1011.o
 .debug_abbrev  0x000000000000196f      0x33a ./board/board.o
 .debug_abbrev  0x0000000000001ca9      0x218 ./board/clock_config.o
 .debug_abbrev  0x0000000000001ec1      0x26a ./board/peripherals.o
 .debug_abbrev  0x000000000000212b      0x231 ./board/pin_mux.o

.debug_aranges  0x0000000000000000      0xa10
 .debug_aranges
                0x0000000000000000       0x18 ./xip/evkmimxrt1010_flexspi_nor_config.o
 .debug_aranges
                0x0000000000000018       0x18 ./xip/fsl_flexspi_nor_boot.o
 .debug_aranges
                0x0000000000000030      0x300 ./startup/startup_mimxrt1011.o
 .debug_aranges
                0x0000000000000330       0x88 ./source/MIMXRT1011xxxxx_Project.o
 .debug_aranges
                0x00000000000003b8       0x88 ./source/display.o
 .debug_aranges
                0x0000000000000440       0x20 ./source/semihost_hardfault.o
 .debug_aranges
                0x0000000000000460       0xa0 ./drivers/fsl_adc.o
 .debug_aranges
                0x0000000000000500      0x120 ./drivers/fsl_clock.o
 .debug_aranges
                0x0000000000000620       0x38 ./drivers/fsl_common.o
 .debug_aranges
                0x0000000000000658       0x50 ./drivers/fsl_gpio.o
 .debug_aranges
                0x00000000000006a8      0x140 ./drivers/fsl_lpuart.o
 .debug_aranges
                0x00000000000007e8       0x50 ./drivers/fsl_pit.o
 .debug_aranges
                0x0000000000000838       0x30 ./device/system_MIMXRT1011.o
 .debug_aranges
                0x0000000000000868       0x68 ./board/board.o
 .debug_aranges
                0x00000000000008d0       0x70 ./board/clock_config.o
 .debug_aranges
                0x0000000000000940       0x70 ./board/peripherals.o
 .debug_aranges
                0x00000000000009b0       0x60 ./board/pin_mux.o

.debug_macro    0x0000000000000000    0x1e729
 .debug_macro   0x0000000000000000      0x118 ./xip/evkmimxrt1010_flexspi_nor_config.o
 .debug_macro   0x0000000000000118      0xaea ./xip/evkmimxrt1010_flexspi_nor_config.o
 .debug_macro   0x0000000000000c02       0x10 ./xip/evkmimxrt1010_flexspi_nor_config.o
 .debug_macro   0x0000000000000c12      0x12e ./xip/evkmimxrt1010_flexspi_nor_config.o
 .debug_macro   0x0000000000000d40      0x5b3 ./xip/evkmimxrt1010_flexspi_nor_config.o
 .debug_macro   0x00000000000012f3       0x22 ./xip/evkmimxrt1010_flexspi_nor_config.o
 .debug_macro   0x0000000000001315       0x16 ./xip/evkmimxrt1010_flexspi_nor_config.o
 .debug_macro   0x000000000000132b       0x22 ./xip/evkmimxrt1010_flexspi_nor_config.o
 .debug_macro   0x000000000000134d       0x10 ./xip/evkmimxrt1010_flexspi_nor_config.o
 .debug_macro   0x000000000000135d       0x4d ./xip/evkmimxrt1010_flexspi_nor_config.o
 .debug_macro   0x00000000000013aa       0x1c ./xip/evkmimxrt1010_flexspi_nor_config.o
 .debug_macro   0x00000000000013c6       0x22 ./xip/evkmimxrt1010_flexspi_nor_config.o
 .debug_macro   0x00000000000013e8      0x101 ./xip/evkmimxrt1010_flexspi_nor_config.o
 .debug_macro   0x00000000000014e9     0x1305 ./xip/evkmimxrt1010_flexspi_nor_config.o
 .debug_macro   0x00000000000027ee      0x11f ./xip/evkmimxrt1010_flexspi_nor_config.o
 .debug_macro   0x000000000000290d       0x27 ./xip/evkmimxrt1010_flexspi_nor_config.o
 .debug_macro   0x0000000000002934       0x1c ./xip/evkmimxrt1010_flexspi_nor_config.o
 .debug_macro   0x0000000000002950    0x194f4 ./xip/evkmimxrt1010_flexspi_nor_config.o
 .debug_macro   0x000000000001be44      0x594 ./xip/evkmimxrt1010_flexspi_nor_config.o
 .debug_macro   0x000000000001c3d8       0xde ./xip/evkmimxrt1010_flexspi_nor_config.o
 .debug_macro   0x000000000001c4b6      0x193 ./xip/evkmimxrt1010_flexspi_nor_config.o
 .debug_macro   0x000000000001c649      0x1a4 ./xip/evkmimxrt1010_flexspi_nor_config.o
 .debug_macro   0x000000000001c7ed      0x13f ./xip/fsl_flexspi_nor_boot.o
 .debug_macro   0x000000000001c92c       0xca ./xip/fsl_flexspi_nor_boot.o
 .debug_macro   0x000000000001c9f6       0x10 ./xip/fsl_flexspi_nor_boot.o
 .debug_macro   0x000000000001ca06      0x136 ./xip/fsl_flexspi_nor_boot.o
 .debug_macro   0x000000000001cb3c       0x7c ./xip/fsl_flexspi_nor_boot.o
 .debug_macro   0x000000000001cbb8       0x29 ./startup/startup_mimxrt1011.o
 .debug_macro   0x000000000001cbe1      0x1ac ./source/MIMXRT1011xxxxx_Project.o
 .debug_macro   0x000000000001cd8d       0xa0 ./source/MIMXRT1011xxxxx_Project.o
 .debug_macro   0x000000000001ce2d       0x10 ./source/MIMXRT1011xxxxx_Project.o
 .debug_macro   0x000000000001ce3d       0x10 ./source/MIMXRT1011xxxxx_Project.o
 .debug_macro   0x000000000001ce4d       0x5e ./source/MIMXRT1011xxxxx_Project.o
 .debug_macro   0x000000000001ceab      0x14e ./source/MIMXRT1011xxxxx_Project.o
 .debug_macro   0x000000000001cff9       0x2e ./source/MIMXRT1011xxxxx_Project.o
 .debug_macro   0x000000000001d027       0xc4 ./source/MIMXRT1011xxxxx_Project.o
 .debug_macro   0x000000000001d0eb      0x155 ./source/display.o
 .debug_macro   0x000000000001d240       0x1c ./source/display.o
 .debug_macro   0x000000000001d25c       0x11 ./source/semihost_hardfault.o
 .debug_macro   0x000000000001d26d      0x113 ./drivers/fsl_adc.o
 .debug_macro   0x000000000001d380      0x103 ./drivers/fsl_clock.o
 .debug_macro   0x000000000001d483      0x109 ./drivers/fsl_common.o
 .debug_macro   0x000000000001d58c      0x113 ./drivers/fsl_gpio.o
 .debug_macro   0x000000000001d69f      0x112 ./drivers/fsl_lpuart.o
 .debug_macro   0x000000000001d7b1       0x10 ./drivers/fsl_lpuart.o
 .debug_macro   0x000000000001d7c1      0x113 ./drivers/fsl_pit.o
 .debug_macro   0x000000000001d8d4       0xa7 ./device/system_MIMXRT1011.o
 .debug_macro   0x000000000001d97b      0x175 ./board/board.o
 .debug_macro   0x000000000001daf0       0x16 ./board/board.o
 .debug_macro   0x000000000001db06       0xd0 ./board/board.o
 .debug_macro   0x000000000001dbd6      0x7ff ./board/board.o
 .debug_macro   0x000000000001e3d5      0x115 ./board/clock_config.o
 .debug_macro   0x000000000001e4ea      0x127 ./board/peripherals.o
 .debug_macro   0x000000000001e611      0x118 ./board/pin_mux.o

.debug_line     0x0000000000000000     0x6e24
 .debug_line    0x0000000000000000      0x3a7 ./xip/evkmimxrt1010_flexspi_nor_config.o
 .debug_line    0x00000000000003a7      0x40f ./xip/fsl_flexspi_nor_boot.o
 .debug_line    0x00000000000007b6      0x881 ./startup/startup_mimxrt1011.o
 .debug_line    0x0000000000001037      0x7b8 ./source/MIMXRT1011xxxxx_Project.o
 .debug_line    0x00000000000017ef      0x5b5 ./source/display.o
 .debug_line    0x0000000000001da4       0x59 ./source/semihost_hardfault.o
 .debug_line    0x0000000000001dfd      0x6c6 ./drivers/fsl_adc.o
 .debug_line    0x00000000000024c3      0xb83 ./drivers/fsl_clock.o
 .debug_line    0x0000000000003046      0x3fd ./drivers/fsl_common.o
 .debug_line    0x0000000000003443      0x512 ./drivers/fsl_gpio.o
 .debug_line    0x0000000000003955     0x11cc ./drivers/fsl_lpuart.o
 .debug_line    0x0000000000004b21      0x47a ./drivers/fsl_pit.o
 .debug_line    0x0000000000004f9b      0x4db ./device/system_MIMXRT1011.o
 .debug_line    0x0000000000005476      0x90f ./board/board.o
 .debug_line    0x0000000000005d85      0x68f ./board/clock_config.o
 .debug_line    0x0000000000006414      0x4ef ./board/peripherals.o
 .debug_line    0x0000000000006903      0x521 ./board/pin_mux.o

.debug_str      0x0000000000000000    0xf1cad
 .debug_str     0x0000000000000000    0xe514d ./xip/evkmimxrt1010_flexspi_nor_config.o
                                      0xe51ec (size before relaxing)
 .debug_str     0x00000000000e514d     0x13be ./xip/fsl_flexspi_nor_boot.o
                                      0xe58d3 (size before relaxing)
 .debug_str     0x00000000000e650b      0x7cb ./startup/startup_mimxrt1011.o
                                       0x374a (size before relaxing)
 .debug_str     0x00000000000e6cd6     0x20e2 ./source/MIMXRT1011xxxxx_Project.o
                                      0xe768d (size before relaxing)
 .debug_str     0x00000000000e8db8      0x1e5 ./source/display.o
                                      0xe4683 (size before relaxing)
 .debug_str     0x00000000000e8f9d       0x1f ./source/semihost_hardfault.o
                                       0x2f2e (size before relaxing)
 .debug_str     0x00000000000e8fbc      0x8d4 ./drivers/fsl_adc.o
                                      0xe535f (size before relaxing)
 .debug_str     0x00000000000e9890      0xbe4 ./drivers/fsl_clock.o
                                      0xe537d (size before relaxing)
 .debug_str     0x00000000000ea474      0x12b ./drivers/fsl_common.o
                                      0xe3e19 (size before relaxing)
 .debug_str     0x00000000000ea59f      0x1e0 ./drivers/fsl_gpio.o
                                      0xe4c65 (size before relaxing)
 .debug_str     0x00000000000ea77f     0x158d ./drivers/fsl_lpuart.o
                                      0xe60bb (size before relaxing)
 .debug_str     0x00000000000ebd0c       0xa0 ./drivers/fsl_pit.o
                                      0xe4b2c (size before relaxing)
 .debug_str     0x00000000000ebdac      0x1fe ./device/system_MIMXRT1011.o
                                      0xe2d93 (size before relaxing)
 .debug_str     0x00000000000ebfaa     0x583a ./board/board.o
                                      0xeb2d2 (size before relaxing)
 .debug_str     0x00000000000f17e4      0x284 ./board/clock_config.o
                                      0xeaca5 (size before relaxing)
 .debug_str     0x00000000000f1a68       0xb5 ./board/peripherals.o
                                      0xe539e (size before relaxing)
 .debug_str     0x00000000000f1b1d      0x190 ./board/pin_mux.o
                                      0xea204 (size before relaxing)

.comment        0x0000000000000000       0x79
 .comment       0x0000000000000000       0x79 ./xip/evkmimxrt1010_flexspi_nor_config.o
                                         0x7a (size before relaxing)
 .comment       0x0000000000000079       0x7a ./xip/fsl_flexspi_nor_boot.o
 .comment       0x0000000000000079       0x7a ./startup/startup_mimxrt1011.o
 .comment       0x0000000000000079       0x7a ./source/MIMXRT1011xxxxx_Project.o
 .comment       0x0000000000000079       0x7a ./source/display.o
 .comment       0x0000000000000079       0x7a ./source/semihost_hardfault.o
 .comment       0x0000000000000079       0x7a ./drivers/fsl_adc.o
 .comment       0x0000000000000079       0x7a ./drivers/fsl_clock.o
 .comment       0x0000000000000079       0x7a ./drivers/fsl_common.o
 .comment       0x0000000000000079       0x7a ./drivers/fsl_gpio.o
 .comment       0x0000000000000079       0x7a ./drivers/fsl_lpuart.o
 .comment       0x0000000000000079       0x7a ./drivers/fsl_pit.o
 .comment       0x0000000000000079       0x7a ./device/system_MIMXRT1011.o
 .comment       0x0000000000000079       0x7a ./board/board.o
 .comment       0x0000000000000079       0x7a ./board/clock_config.o
 .comment       0x0000000000000079       0x7a ./board/peripherals.o
 .comment       0x0000000000000079       0x7a ./board/pin_mux.o
 .comment       0x0000000000000079       0x7a /usr/local/mcuxpressoide-11.2.0_4120/ide/plugins/com.nxp.mcuxpresso.tools.linux_11.2.0.202001021529/tools/bin/../lib/gcc/arm-none-eabi/9.2.1/../../../../arm-none-eabi/lib/thumb/v7e-m+fp/hard/libcr_semihost.a(_cr__main.o)
 .comment       0x0000000000000079       0x7a /usr/local/mcuxpressoide-11.2.0_4120/ide/plugins/com.nxp.mcuxpresso.tools.linux_11.2.0.202001021529/tools/bin/../lib/gcc/arm-none-eabi/9.2.1/../../../../arm-none-eabi/lib/thumb/v7e-m+fp/hard/libcr_semihost.a(_cr_assert.o)
 .comment       0x0000000000000079       0x7a /usr/local/mcuxpressoide-11.2.0_4120/ide/plugins/com.nxp.mcuxpresso.tools.linux_11.2.0.202001021529/tools/bin/../lib/gcc/arm-none-eabi/9.2.1/../../../../arm-none-eabi/lib/thumb/v7e-m+fp/hard/libcr_semihost.a(__ciob.o)
 .comment       0x0000000000000079       0x7a /usr/local/mcuxpressoide-11.2.0_4120/ide/plugins/com.nxp.mcuxpresso.tools.linux_11.2.0.202001021529/tools/bin/../lib/gcc/arm-none-eabi/9.2.1/../../../../arm-none-eabi/lib/thumb/v7e-m+fp/hard/libcr_c.a(memset.o)
 .comment       0x0000000000000079       0x7a /usr/local/mcuxpressoide-11.2.0_4120/ide/plugins/com.nxp.mcuxpresso.tools.linux_11.2.0.202001021529/tools/bin/../lib/gcc/arm-none-eabi/9.2.1/../../../../arm-none-eabi/lib/thumb/v7e-m+fp/hard/libcr_c.a(_deferredlazyseek.o)