fsl_clock.h:832:24:CLOCK_GetOscFreq	4	static
fsl_clock.h:924:24:CLOCK_GetRtcFreq	4	static
fsl_clock.h:1009:20:CLOCK_IsPllBypassed	16	static
fsl_clock.h:1023:20:CLOCK_IsPllEnabled	16	static
fsl_clock.h:1049:24:CLOCK_GetPllBypassRefClk	16	static
fsl_clock.c:79:17:CLOCK_GetPeriphClkFreq	16	static
fsl_clock.c:156:6:CLOCK_InitExternalClk	16	static
fsl_clock.c:180:6:CLOCK_DeinitExternalClk	4	static
fsl_clock.c:192:6:CLOCK_SwitchOsc	16	static
fsl_clock.c:207:6:CLOCK_InitRcOsc24M	4	static
fsl_clock.c:215:6:CLOCK_DeinitRcOsc24M	4	static
fsl_clock.c:225:10:CLOCK_GetCoreFreq	8	static
fsl_clock.c:235:10:CLOCK_GetIpgFreq	8	static
fsl_clock.c:245:10:CLOCK_GetPerClkFreq	16	static
fsl_clock.c:274:10:CLOCK_GetFreq	24	static
fsl_clock.c:354:6:CLOCK_EnableUsbhs0Clock	24	static
fsl_clock.c:379:6:CLOCK_EnableUsbhs0PhyPllClock	24	static
fsl_clock.c:403:6:CLOCK_DisableUsbhs0PhyPllClock	4	static
fsl_clock.c:416:6:CLOCK_InitSysPll	16	static
fsl_clock.c:446:6:CLOCK_DeinitSysPll	4	static
fsl_clock.c:458:6:CLOCK_InitUsb1Pll	16	static
fsl_clock.c:479:6:CLOCK_DeinitUsb1Pll	4	static
fsl_clock.c:491:6:CLOCK_InitAudioPll	24	static
fsl_clock.c:566:6:CLOCK_DeinitAudioPll	4	static
fsl_clock.c:578:6:CLOCK_InitEnetPll	24	static
fsl_clock.c:606:6:CLOCK_DeinitEnetPll	4	static
fsl_clock.c:619:10:CLOCK_GetPllFreq	40	static
fsl_clock.c:743:6:CLOCK_InitSysPfd	24	static
fsl_clock.c:766:6:CLOCK_DeinitSysPfd	16	static
fsl_clock.c:781:6:CLOCK_InitUsb1Pfd	24	static
fsl_clock.c:804:6:CLOCK_DeinitUsb1Pfd	16	static
fsl_clock.c:817:10:CLOCK_GetSysPfdFreq	24	static
fsl_clock.c:856:10:CLOCK_GetUsb1PfdFreq	24	static
