fsl_gpio.h:316:20:GPIO_PortClearInterruptFlags	16	static
fsl_adc.h:275:24:ADC_GetChannelConversionValue	16	static
fsl_pit.h:220:20:PIT_ClearStatusFlags	24	static
fsl_pit.h:246:20:PIT_SetTimerPeriod	24	static
fsl_pit.h:286:20:PIT_StartTimer	16	static
fsl_pit.h:300:20:PIT_StopTimer	16	static
MIMXRT1011xxxxx_Project.c:21:10:getTimerPeriod	16	static
MIMXRT1011xxxxx_Project.c:37:6:PIT_IRQHandler	8	static
MIMXRT1011xxxxx_Project.c:44:6:GPIO2_Combined_0_15_IRQHandler	8	static
MIMXRT1011xxxxx_Project.c:52:7:ADC1_IRQHandler	8	static
MIMXRT1011xxxxx_Project.c:58:6:handle_timer	8	static
MIMXRT1011xxxxx_Project.c:66:6:handle_button_press	8	static
MIMXRT1011xxxxx_Project.c:80:6:handle_adc_sampled	56	static
MIMXRT1011xxxxx_Project.c:103:5:main	24	static
